============================= test session starts =============================
platform win32 -- Python 3.11.9, pytest-9.0.3, pluggy-1.6.0 -- C:\Users\nirva\AppData\Local\Programs\Python\Python311\python.exe
cachedir: .pytest_cache
rootdir: C:\Users\nirva\Downloads\Momentum API
configfile: pytest.ini
plugins: anyio-4.13.0, asyncio-1.3.0, cov-5.0.0, mock-3.15.1
asyncio: mode=Mode.AUTO, debug=False, asyncio_default_fixture_loop_scope=function, asyncio_default_test_loop_scope=function
collecting ... collected 1 item

tests/test_performance_reliability.py::test_db_timeout_resilience FAILED [100%]

================================== FAILURES ===================================
_________________________ test_db_timeout_resilience __________________________

async_client = <httpx.AsyncClient object at 0x000001F7BF382650>
setup_test_user = (<app.models.user.User object at 0x000001F7BF359BD0>, 'eyJhbGciOiJIUzI1NiIsInR5cCI6IkpXVCJ9.eyJzdWIiOiI5NzI2MmNiOS0wNT...29tIiwidHlwZSI6ImFjY2VzcyIsImV4cCI6MTc3NjU0MTYxOCwiaWF0IjoxNzc2NTM5ODE4fQ.X7FCk3HCUoQ1NJKwsCp4z7DpRAsBFr4AQF6Od_JBI4c')
use_latency_proxy = None

    @pytest.mark.asyncio
    async def test_db_timeout_resilience(async_client, setup_test_user, use_latency_proxy):
        """
        RELIABILITY AUDIT: Inject 500ms database latency.
        Verify the API remains responsive (within reasonable timeout limits).
        """
        user, token = setup_test_user
        headers = {"Authorization": f"Bearer {token}"}
    
        # use_latency_proxy is a fixture that forces LatencyAsyncSession
        # Inject 500ms delay on every DB call
    
        start_time = time.perf_counter()
        resp = await async_client.get("/api/v1/goals", headers=headers)
        end_time = time.perf_counter()
    
        duration = end_time - start_time
        print(f"\n[RELIABILITY] DB Latency Call Duration: {duration:.2f}s")
    
        assert resp.status_code == 200
        # A single call might involve 2-3 DB ops (Auth + Fetch)
        # Expected duration: ~1.5s
>       assert duration > 0.5
E       assert 0.046730700007174164 > 0.5

tests\test_performance_reliability.py:101: AssertionError
---------------------------- Captured stdout setup ----------------------------
2026-04-19 00:46:58,550 DEBUG    passlib.handlers.bcrypt [-] detected 'bcrypt' backend, version '4.0.1'
2026-04-19 00:46:58,551 DEBUG    passlib.handlers.bcrypt [-] 'bcrypt' backend lacks $2$ support, enabling workaround
---------------------------- Captured stdout call -----------------------------

[RELIABILITY] DB Latency Call Duration: 0.05s
-------------------------- Captured stdout teardown ---------------------------
2026-04-19 00:46:59,260 DEBUG    urllib3.connectionpool [-] http://localhost:None "DELETE /v1.54/containers/0d06856f5868e3d64bc0d862992bd0b1785ca8305d1fb6b03f2291a3ccbff84f?v=True&link=False&force=True HTTP/1.1" 204 0
---------------------------- Captured log teardown ----------------------------
DEBUG    urllib3.connectionpool:connectionpool.py:544 http://localhost:None "DELETE /v1.54/containers/0d06856f5868e3d64bc0d862992bd0b1785ca8305d1fb6b03f2291a3ccbff84f?v=True&link=False&force=True HTTP/1.1" 204 0
=========================== short test summary info ===========================
FAILED tests/test_performance_reliability.py::test_db_timeout_resilience - assert 0.046730700007174164 > 0.5
============================== 1 failed in 3.54s ==============================
