.FFFF....FFF..F.                                                         [100%]
================================== FAILURES ===================================
____________________ test_create_and_update_recurring_rule ____________________
..\..\AppData\Local\Programs\Python\Python311\Lib\site-packages\sqlalchemy\dialects\postgresql\asyncpg.py:534: in _prepare_and_execute
    self._rows = deque(await prepared_stmt.fetch(*parameters))
                       ^^^^^^^^^^^^^^^^^^^^^^^^^^^^^^^^^^^^^^
..\..\AppData\Local\Programs\Python\Python311\Lib\site-packages\asyncpg\prepared_stmt.py:176: in fetch
    data = await self.__bind_execute(args, 0, timeout)
           ^^^^^^^^^^^^^^^^^^^^^^^^^^^^^^^^^^^^^^^^^^^
..\..\AppData\Local\Programs\Python\Python311\Lib\site-packages\asyncpg\prepared_stmt.py:267: in __bind_execute
    data, status, _ = await self.__do_execute(
..\..\AppData\Local\Programs\Python\Python311\Lib\site-packages\asyncpg\prepared_stmt.py:256: in __do_execute
    return await executor(protocol)
           ^^^^^^^^^^^^^^^^^^^^^^^^
asyncpg\\protocol\\protocol.pyx:206: in bind_execute
    ???
E   asyncpg.exceptions.ForeignKeyViolationError: insert or update on table "recurring_task_rules" violates foreign key constraint "recurring_task_rules_user_id_fkey"
E   DETAIL:  Key (user_id)=(520c8b4a-fdd0-43c5-806f-3c3dedcc5e15) is not present in table "users".

The above exception was the direct cause of the following exception:
..\..\AppData\Local\Programs\Python\Python311\Lib\site-packages\sqlalchemy\engine\base.py:1967: in _exec_single_context
    self.dialect.do_execute(
..\..\AppData\Local\Programs\Python\Python311\Lib\site-packages\sqlalchemy\engine\default.py:941: in do_execute
    cursor.execute(statement, parameters)
..\..\AppData\Local\Programs\Python\Python311\Lib\site-packages\sqlalchemy\dialects\postgresql\asyncpg.py:568: in execute
    self._adapt_connection.await_(
..\..\AppData\Local\Programs\Python\Python311\Lib\site-packages\sqlalchemy\util\_concurrency_py3k.py:132: in await_only
    return current.parent.switch(awaitable)  # type: ignore[no-any-return,attr-defined] # noqa: E501
           ^^^^^^^^^^^^^^^^^^^^^^^^^^^^^^^^
..\..\AppData\Local\Programs\Python\Python311\Lib\site-packages\sqlalchemy\util\_concurrency_py3k.py:196: in greenlet_spawn
    value = await result
            ^^^^^^^^^^^^
..\..\AppData\Local\Programs\Python\Python311\Lib\site-packages\sqlalchemy\dialects\postgresql\asyncpg.py:546: in _prepare_and_execute
    self._handle_exception(error)
..\..\AppData\Local\Programs\Python\Python311\Lib\site-packages\sqlalchemy\dialects\postgresql\asyncpg.py:497: in _handle_exception
    self._adapt_connection._handle_exception(error)
..\..\AppData\Local\Programs\Python\Python311\Lib\site-packages\sqlalchemy\dialects\postgresql\asyncpg.py:780: in _handle_exception
    raise translated_error from error
E   sqlalchemy.dialects.postgresql.asyncpg.AsyncAdapt_asyncpg_dbapi.IntegrityError: <class 'asyncpg.exceptions.ForeignKeyViolationError'>: insert or update on table "recurring_task_rules" violates foreign key constraint "recurring_task_rules_user_id_fkey"
E   DETAIL:  Key (user_id)=(520c8b4a-fdd0-43c5-806f-3c3dedcc5e15) is not present in table "users".

The above exception was the direct cause of the following exception:
tests\test_sprint7_recurring_tasks.py:55: in test_create_and_update_recurring_rule
    rule_out = await create_recurring_rule(create_data, user_id, test_db)
               ^^^^^^^^^^^^^^^^^^^^^^^^^^^^^^^^^^^^^^^^^^^^^^^^^^^^^^^^^^
app\services\recurring_task_service.py:32: in create_recurring_rule
    await db.flush()
..\..\AppData\Local\Programs\Python\Python311\Lib\site-packages\sqlalchemy\ext\asyncio\session.py:800: in flush
    await greenlet_spawn(self.sync_session.flush, objects=objects)
..\..\AppData\Local\Programs\Python\Python311\Lib\site-packages\sqlalchemy\util\_concurrency_py3k.py:203: in greenlet_spawn
    result = context.switch(value)
             ^^^^^^^^^^^^^^^^^^^^^
..\..\AppData\Local\Programs\Python\Python311\Lib\site-packages\sqlalchemy\orm\session.py:4352: in flush
    self._flush(objects)
..\..\AppData\Local\Programs\Python\Python311\Lib\site-packages\sqlalchemy\orm\session.py:4487: in _flush
    with util.safe_reraise():
..\..\AppData\Local\Programs\Python\Python311\Lib\site-packages\sqlalchemy\util\langhelpers.py:146: in __exit__
    raise exc_value.with_traceback(exc_tb)
..\..\AppData\Local\Programs\Python\Python311\Lib\site-packages\sqlalchemy\orm\session.py:4448: in _flush
    flush_context.execute()
..\..\AppData\Local\Programs\Python\Python311\Lib\site-packages\sqlalchemy\orm\unitofwork.py:466: in execute
    rec.execute(self)
..\..\AppData\Local\Programs\Python\Python311\Lib\site-packages\sqlalchemy\orm\unitofwork.py:642: in execute
    util.preloaded.orm_persistence.save_obj(
..\..\AppData\Local\Programs\Python\Python311\Lib\site-packages\sqlalchemy\orm\persistence.py:93: in save_obj
    _emit_insert_statements(
..\..\AppData\Local\Programs\Python\Python311\Lib\site-packages\sqlalchemy\orm\persistence.py:1233: in _emit_insert_statements
    result = connection.execute(
..\..\AppData\Local\Programs\Python\Python311\Lib\site-packages\sqlalchemy\engine\base.py:1418: in execute
    return meth(
..\..\AppData\Local\Programs\Python\Python311\Lib\site-packages\sqlalchemy\sql\elements.py:515: in _execute_on_connection
    return connection._execute_clauseelement(
..\..\AppData\Local\Programs\Python\Python311\Lib\site-packages\sqlalchemy\engine\base.py:1640: in _execute_clauseelement
    ret = self._execute_context(
..\..\AppData\Local\Programs\Python\Python311\Lib\site-packages\sqlalchemy\engine\base.py:1846: in _execute_context
    return self._exec_single_context(
..\..\AppData\Local\Programs\Python\Python311\Lib\site-packages\sqlalchemy\engine\base.py:1986: in _exec_single_context
    self._handle_dbapi_exception(
..\..\AppData\Local\Programs\Python\Python311\Lib\site-packages\sqlalchemy\engine\base.py:2355: in _handle_dbapi_exception
    raise sqlalchemy_exception.with_traceback(exc_info[2]) from e
..\..\AppData\Local\Programs\Python\Python311\Lib\site-packages\sqlalchemy\engine\base.py:1967: in _exec_single_context
    self.dialect.do_execute(
..\..\AppData\Local\Programs\Python\Python311\Lib\site-packages\sqlalchemy\engine\default.py:941: in do_execute
    cursor.execute(statement, parameters)
..\..\AppData\Local\Programs\Python\Python311\Lib\site-packages\sqlalchemy\dialects\postgresql\asyncpg.py:568: in execute
    self._adapt_connection.await_(
..\..\AppData\Local\Programs\Python\Python311\Lib\site-packages\sqlalchemy\util\_concurrency_py3k.py:132: in await_only
    return current.parent.switch(awaitable)  # type: ignore[no-any-return,attr-defined] # noqa: E501
           ^^^^^^^^^^^^^^^^^^^^^^^^^^^^^^^^
..\..\AppData\Local\Programs\Python\Python311\Lib\site-packages\sqlalchemy\util\_concurrency_py3k.py:196: in greenlet_spawn
    value = await result
            ^^^^^^^^^^^^
..\..\AppData\Local\Programs\Python\Python311\Lib\site-packages\sqlalchemy\dialects\postgresql\asyncpg.py:546: in _prepare_and_execute
    self._handle_exception(error)
..\..\AppData\Local\Programs\Python\Python311\Lib\site-packages\sqlalchemy\dialects\postgresql\asyncpg.py:497: in _handle_exception
    self._adapt_connection._handle_exception(error)
..\..\AppData\Local\Programs\Python\Python311\Lib\site-packages\sqlalchemy\dialects\postgresql\asyncpg.py:780: in _handle_exception
    raise translated_error from error
E   sqlalchemy.exc.IntegrityError: (sqlalchemy.dialects.postgresql.asyncpg.IntegrityError) <class 'asyncpg.exceptions.ForeignKeyViolationError'>: insert or update on table "recurring_task_rules" violates foreign key constraint "recurring_task_rules_user_id_fkey"
E   DETAIL:  Key (user_id)=(520c8b4a-fdd0-43c5-806f-3c3dedcc5e15) is not present in table "users".
E   [SQL: INSERT INTO recurring_task_rules (user_id, goal_id, title, task_type, duration_mins, priority, days_of_week, scheduled_start, is_active, max_per_day) VALUES ($1::UUID, $2::UUID, $3::VARCHAR, $4::VARCHAR, $5::INTEGER, $6::INTEGER, $7::INTEGER[], $8::VARCHAR, $9::BOOLEAN, $10::INTEGER) RETURNING recurring_task_rules.id, recurring_task_rules.created_at, recurring_task_rules.updated_at]
E   [parameters: (UUID('520c8b4a-fdd0-43c5-806f-3c3dedcc5e15'), UUID('d905b09b-cf13-4cda-9726-33b30ecde548'), 'Morning reading', 'study', 30, 1, [0, 2, 4], None, True, 1)]
E   (Background on this error at: https://sqlalche.me/e/20/gkpj)
____________________________ test_get_active_rules ____________________________
..\..\AppData\Local\Programs\Python\Python311\Lib\site-packages\sqlalchemy\dialects\postgresql\asyncpg.py:534: in _prepare_and_execute
    self._rows = deque(await prepared_stmt.fetch(*parameters))
                       ^^^^^^^^^^^^^^^^^^^^^^^^^^^^^^^^^^^^^^
..\..\AppData\Local\Programs\Python\Python311\Lib\site-packages\asyncpg\prepared_stmt.py:176: in fetch
    data = await self.__bind_execute(args, 0, timeout)
           ^^^^^^^^^^^^^^^^^^^^^^^^^^^^^^^^^^^^^^^^^^^
..\..\AppData\Local\Programs\Python\Python311\Lib\site-packages\asyncpg\prepared_stmt.py:267: in __bind_execute
    data, status, _ = await self.__do_execute(
..\..\AppData\Local\Programs\Python\Python311\Lib\site-packages\asyncpg\prepared_stmt.py:256: in __do_execute
    return await executor(protocol)
           ^^^^^^^^^^^^^^^^^^^^^^^^
asyncpg\\protocol\\protocol.pyx:206: in bind_execute
    ???
E   asyncpg.exceptions.ForeignKeyViolationError: insert or update on table "recurring_task_rules" violates foreign key constraint "recurring_task_rules_user_id_fkey"
E   DETAIL:  Key (user_id)=(72f4f4d1-d7ce-48d7-a701-907a7c27934c) is not present in table "users".

The above exception was the direct cause of the following exception:
..\..\AppData\Local\Programs\Python\Python311\Lib\site-packages\sqlalchemy\engine\base.py:2118: in _exec_insertmany_context
    dialect.do_execute(
..\..\AppData\Local\Programs\Python\Python311\Lib\site-packages\sqlalchemy\engine\default.py:941: in do_execute
    cursor.execute(statement, parameters)
..\..\AppData\Local\Programs\Python\Python311\Lib\site-packages\sqlalchemy\dialects\postgresql\asyncpg.py:568: in execute
    self._adapt_connection.await_(
..\..\AppData\Local\Programs\Python\Python311\Lib\site-packages\sqlalchemy\util\_concurrency_py3k.py:132: in await_only
    return current.parent.switch(awaitable)  # type: ignore[no-any-return,attr-defined] # noqa: E501
           ^^^^^^^^^^^^^^^^^^^^^^^^^^^^^^^^
..\..\AppData\Local\Programs\Python\Python311\Lib\site-packages\sqlalchemy\util\_concurrency_py3k.py:196: in greenlet_spawn
    value = await result
            ^^^^^^^^^^^^
..\..\AppData\Local\Programs\Python\Python311\Lib\site-packages\sqlalchemy\dialects\postgresql\asyncpg.py:546: in _prepare_and_execute
    self._handle_exception(error)
..\..\AppData\Local\Programs\Python\Python311\Lib\site-packages\sqlalchemy\dialects\postgresql\asyncpg.py:497: in _handle_exception
    self._adapt_connection._handle_exception(error)
..\..\AppData\Local\Programs\Python\Python311\Lib\site-packages\sqlalchemy\dialects\postgresql\asyncpg.py:780: in _handle_exception
    raise translated_error from error
E   sqlalchemy.dialects.postgresql.asyncpg.AsyncAdapt_asyncpg_dbapi.IntegrityError: <class 'asyncpg.exceptions.ForeignKeyViolationError'>: insert or update on table "recurring_task_rules" violates foreign key constraint "recurring_task_rules_user_id_fkey"
E   DETAIL:  Key (user_id)=(72f4f4d1-d7ce-48d7-a701-907a7c27934c) is not present in table "users".

The above exception was the direct cause of the following exception:
tests\test_sprint7_recurring_tasks.py:99: in test_get_active_rules
    await test_db.flush()
..\..\AppData\Local\Programs\Python\Python311\Lib\site-packages\sqlalchemy\ext\asyncio\session.py:800: in flush
    await greenlet_spawn(self.sync_session.flush, objects=objects)
..\..\AppData\Local\Programs\Python\Python311\Lib\site-packages\sqlalchemy\util\_concurrency_py3k.py:203: in greenlet_spawn
    result = context.switch(value)
             ^^^^^^^^^^^^^^^^^^^^^
..\..\AppData\Local\Programs\Python\Python311\Lib\site-packages\sqlalchemy\orm\session.py:4352: in flush
    self._flush(objects)
..\..\AppData\Local\Programs\Python\Python311\Lib\site-packages\sqlalchemy\orm\session.py:4487: in _flush
    with util.safe_reraise():
..\..\AppData\Local\Programs\Python\Python311\Lib\site-packages\sqlalchemy\util\langhelpers.py:146: in __exit__
    raise exc_value.with_traceback(exc_tb)
..\..\AppData\Local\Programs\Python\Python311\Lib\site-packages\sqlalchemy\orm\session.py:4448: in _flush
    flush_context.execute()
..\..\AppData\Local\Programs\Python\Python311\Lib\site-packages\sqlalchemy\orm\unitofwork.py:466: in execute
    rec.execute(self)
..\..\AppData\Local\Programs\Python\Python311\Lib\site-packages\sqlalchemy\orm\unitofwork.py:642: in execute
    util.preloaded.orm_persistence.save_obj(
..\..\AppData\Local\Programs\Python\Python311\Lib\site-packages\sqlalchemy\orm\persistence.py:93: in save_obj
    _emit_insert_statements(
..\..\AppData\Local\Programs\Python\Python311\Lib\site-packages\sqlalchemy\orm\persistence.py:1143: in _emit_insert_statements
    result = connection.execute(
..\..\AppData\Local\Programs\Python\Python311\Lib\site-packages\sqlalchemy\engine\base.py:1418: in execute
    return meth(
..\..\AppData\Local\Programs\Python\Python311\Lib\site-packages\sqlalchemy\sql\elements.py:515: in _execute_on_connection
    return connection._execute_clauseelement(
..\..\AppData\Local\Programs\Python\Python311\Lib\site-packages\sqlalchemy\engine\base.py:1640: in _execute_clauseelement
    ret = self._execute_context(
..\..\AppData\Local\Programs\Python\Python311\Lib\site-packages\sqlalchemy\engine\base.py:1844: in _execute_context
    return self._exec_insertmany_context(dialect, context)
           ^^^^^^^^^^^^^^^^^^^^^^^^^^^^^^^^^^^^^^^^^^^^^^^
..\..\AppData\Local\Programs\Python\Python311\Lib\site-packages\sqlalchemy\engine\base.py:2126: in _exec_insertmany_context
    self._handle_dbapi_exception(
..\..\AppData\Local\Programs\Python\Python311\Lib\site-packages\sqlalchemy\engine\base.py:2355: in _handle_dbapi_exception
    raise sqlalchemy_exception.with_traceback(exc_info[2]) from e
..\..\AppData\Local\Programs\Python\Python311\Lib\site-packages\sqlalchemy\engine\base.py:2118: in _exec_insertmany_context
    dialect.do_execute(
..\..\AppData\Local\Programs\Python\Python311\Lib\site-packages\sqlalchemy\engine\default.py:941: in do_execute
    cursor.execute(statement, parameters)
..\..\AppData\Local\Programs\Python\Python311\Lib\site-packages\sqlalchemy\dialects\postgresql\asyncpg.py:568: in execute
    self._adapt_connection.await_(
..\..\AppData\Local\Programs\Python\Python311\Lib\site-packages\sqlalchemy\util\_concurrency_py3k.py:132: in await_only
    return current.parent.switch(awaitable)  # type: ignore[no-any-return,attr-defined] # noqa: E501
           ^^^^^^^^^^^^^^^^^^^^^^^^^^^^^^^^
..\..\AppData\Local\Programs\Python\Python311\Lib\site-packages\sqlalchemy\util\_concurrency_py3k.py:196: in greenlet_spawn
    value = await result
            ^^^^^^^^^^^^
..\..\AppData\Local\Programs\Python\Python311\Lib\site-packages\sqlalchemy\dialects\postgresql\asyncpg.py:546: in _prepare_and_execute
    self._handle_exception(error)
..\..\AppData\Local\Programs\Python\Python311\Lib\site-packages\sqlalchemy\dialects\postgresql\asyncpg.py:497: in _handle_exception
    self._adapt_connection._handle_exception(error)
..\..\AppData\Local\Programs\Python\Python311\Lib\site-packages\sqlalchemy\dialects\postgresql\asyncpg.py:780: in _handle_exception
    raise translated_error from error
E   sqlalchemy.exc.IntegrityError: (sqlalchemy.dialects.postgresql.asyncpg.IntegrityError) <class 'asyncpg.exceptions.ForeignKeyViolationError'>: insert or update on table "recurring_task_rules" violates foreign key constraint "recurring_task_rules_user_id_fkey"
E   DETAIL:  Key (user_id)=(72f4f4d1-d7ce-48d7-a701-907a7c27934c) is not present in table "users".
E   [SQL: INSERT INTO recurring_task_rules (user_id, goal_id, title, task_type, duration_mins, priority, days_of_week, scheduled_start, is_active, max_per_day) VALUES ($1::UUID, $2::UUID, $3::VARCHAR, $4::VARCHAR, $5::INTEGER, $6::INTEGER, $7::INTEGER[], $8::VARCHAR, $9::BOOLEAN, $10::INTEGER) RETURNING recurring_task_rules.id, recurring_task_rules.created_at, recurring_task_rules.updated_at]
E   [parameters: (UUID('72f4f4d1-d7ce-48d7-a701-907a7c27934c'), UUID('9df53f7d-8714-407e-a7b6-e5c2e8c1e911'), 'Mon Rule', 'study', 30, 3, [0], None, True, 1)]
E   (Background on this error at: https://sqlalche.me/e/20/gkpj)
_______________________ test_get_recurring_requirements _______________________
..\..\AppData\Local\Programs\Python\Python311\Lib\site-packages\sqlalchemy\dialects\postgresql\asyncpg.py:534: in _prepare_and_execute
    self._rows = deque(await prepared_stmt.fetch(*parameters))
                       ^^^^^^^^^^^^^^^^^^^^^^^^^^^^^^^^^^^^^^
..\..\AppData\Local\Programs\Python\Python311\Lib\site-packages\asyncpg\prepared_stmt.py:176: in fetch
    data = await self.__bind_execute(args, 0, timeout)
           ^^^^^^^^^^^^^^^^^^^^^^^^^^^^^^^^^^^^^^^^^^^
..\..\AppData\Local\Programs\Python\Python311\Lib\site-packages\asyncpg\prepared_stmt.py:267: in __bind_execute
    data, status, _ = await self.__do_execute(
..\..\AppData\Local\Programs\Python\Python311\Lib\site-packages\asyncpg\prepared_stmt.py:256: in __do_execute
    return await executor(protocol)
           ^^^^^^^^^^^^^^^^^^^^^^^^
asyncpg\\protocol\\protocol.pyx:206: in bind_execute
    ???
E   asyncpg.exceptions.ForeignKeyViolationError: insert or update on table "recurring_task_rules" violates foreign key constraint "recurring_task_rules_user_id_fkey"
E   DETAIL:  Key (user_id)=(b576541e-1a8a-4dc5-8aee-5e7d209cfe4c) is not present in table "users".

The above exception was the direct cause of the following exception:
..\..\AppData\Local\Programs\Python\Python311\Lib\site-packages\sqlalchemy\engine\base.py:1967: in _exec_single_context
    self.dialect.do_execute(
..\..\AppData\Local\Programs\Python\Python311\Lib\site-packages\sqlalchemy\engine\default.py:941: in do_execute
    cursor.execute(statement, parameters)
..\..\AppData\Local\Programs\Python\Python311\Lib\site-packages\sqlalchemy\dialects\postgresql\asyncpg.py:568: in execute
    self._adapt_connection.await_(
..\..\AppData\Local\Programs\Python\Python311\Lib\site-packages\sqlalchemy\util\_concurrency_py3k.py:132: in await_only
    return current.parent.switch(awaitable)  # type: ignore[no-any-return,attr-defined] # noqa: E501
           ^^^^^^^^^^^^^^^^^^^^^^^^^^^^^^^^
..\..\AppData\Local\Programs\Python\Python311\Lib\site-packages\sqlalchemy\util\_concurrency_py3k.py:196: in greenlet_spawn
    value = await result
            ^^^^^^^^^^^^
..\..\AppData\Local\Programs\Python\Python311\Lib\site-packages\sqlalchemy\dialects\postgresql\asyncpg.py:546: in _prepare_and_execute
    self._handle_exception(error)
..\..\AppData\Local\Programs\Python\Python311\Lib\site-packages\sqlalchemy\dialects\postgresql\asyncpg.py:497: in _handle_exception
    self._adapt_connection._handle_exception(error)
..\..\AppData\Local\Programs\Python\Python311\Lib\site-packages\sqlalchemy\dialects\postgresql\asyncpg.py:780: in _handle_exception
    raise translated_error from error
E   sqlalchemy.dialects.postgresql.asyncpg.AsyncAdapt_asyncpg_dbapi.IntegrityError: <class 'asyncpg.exceptions.ForeignKeyViolationError'>: insert or update on table "recurring_task_rules" violates foreign key constraint "recurring_task_rules_user_id_fkey"
E   DETAIL:  Key (user_id)=(b576541e-1a8a-4dc5-8aee-5e7d209cfe4c) is not present in table "users".

The above exception was the direct cause of the following exception:
tests\test_sprint7_recurring_tasks.py:126: in test_get_recurring_requirements
    await test_db.flush()
..\..\AppData\Local\Programs\Python\Python311\Lib\site-packages\sqlalchemy\ext\asyncio\session.py:800: in flush
    await greenlet_spawn(self.sync_session.flush, objects=objects)
..\..\AppData\Local\Programs\Python\Python311\Lib\site-packages\sqlalchemy\util\_concurrency_py3k.py:203: in greenlet_spawn
    result = context.switch(value)
             ^^^^^^^^^^^^^^^^^^^^^
..\..\AppData\Local\Programs\Python\Python311\Lib\site-packages\sqlalchemy\orm\session.py:4352: in flush
    self._flush(objects)
..\..\AppData\Local\Programs\Python\Python311\Lib\site-packages\sqlalchemy\orm\session.py:4487: in _flush
    with util.safe_reraise():
..\..\AppData\Local\Programs\Python\Python311\Lib\site-packages\sqlalchemy\util\langhelpers.py:146: in __exit__
    raise exc_value.with_traceback(exc_tb)
..\..\AppData\Local\Programs\Python\Python311\Lib\site-packages\sqlalchemy\orm\session.py:4448: in _flush
    flush_context.execute()
..\..\AppData\Local\Programs\Python\Python311\Lib\site-packages\sqlalchemy\orm\unitofwork.py:466: in execute
    rec.execute(self)
..\..\AppData\Local\Programs\Python\Python311\Lib\site-packages\sqlalchemy\orm\unitofwork.py:642: in execute
    util.preloaded.orm_persistence.save_obj(
..\..\AppData\Local\Programs\Python\Python311\Lib\site-packages\sqlalchemy\orm\persistence.py:93: in save_obj
    _emit_insert_statements(
..\..\AppData\Local\Programs\Python\Python311\Lib\site-packages\sqlalchemy\orm\persistence.py:1233: in _emit_insert_statements
    result = connection.execute(
..\..\AppData\Local\Programs\Python\Python311\Lib\site-packages\sqlalchemy\engine\base.py:1418: in execute
    return meth(
..\..\AppData\Local\Programs\Python\Python311\Lib\site-packages\sqlalchemy\sql\elements.py:515: in _execute_on_connection
    return connection._execute_clauseelement(
..\..\AppData\Local\Programs\Python\Python311\Lib\site-packages\sqlalchemy\engine\base.py:1640: in _execute_clauseelement
    ret = self._execute_context(
..\..\AppData\Local\Programs\Python\Python311\Lib\site-packages\sqlalchemy\engine\base.py:1846: in _execute_context
    return self._exec_single_context(
..\..\AppData\Local\Programs\Python\Python311\Lib\site-packages\sqlalchemy\engine\base.py:1986: in _exec_single_context
    self._handle_dbapi_exception(
..\..\AppData\Local\Programs\Python\Python311\Lib\site-packages\sqlalchemy\engine\base.py:2355: in _handle_dbapi_exception
    raise sqlalchemy_exception.with_traceback(exc_info[2]) from e
..\..\AppData\Local\Programs\Python\Python311\Lib\site-packages\sqlalchemy\engine\base.py:1967: in _exec_single_context
    self.dialect.do_execute(
..\..\AppData\Local\Programs\Python\Python311\Lib\site-packages\sqlalchemy\engine\default.py:941: in do_execute
    cursor.execute(statement, parameters)
..\..\AppData\Local\Programs\Python\Python311\Lib\site-packages\sqlalchemy\dialects\postgresql\asyncpg.py:568: in execute
    self._adapt_connection.await_(
..\..\AppData\Local\Programs\Python\Python311\Lib\site-packages\sqlalchemy\util\_concurrency_py3k.py:132: in await_only
    return current.parent.switch(awaitable)  # type: ignore[no-any-return,attr-defined] # noqa: E501
           ^^^^^^^^^^^^^^^^^^^^^^^^^^^^^^^^
..\..\AppData\Local\Programs\Python\Python311\Lib\site-packages\sqlalchemy\util\_concurrency_py3k.py:196: in greenlet_spawn
    value = await result
            ^^^^^^^^^^^^
..\..\AppData\Local\Programs\Python\Python311\Lib\site-packages\sqlalchemy\dialects\postgresql\asyncpg.py:546: in _prepare_and_execute
    self._handle_exception(error)
..\..\AppData\Local\Programs\Python\Python311\Lib\site-packages\sqlalchemy\dialects\postgresql\asyncpg.py:497: in _handle_exception
    self._adapt_connection._handle_exception(error)
..\..\AppData\Local\Programs\Python\Python311\Lib\site-packages\sqlalchemy\dialects\postgresql\asyncpg.py:780: in _handle_exception
    raise translated_error from error
E   sqlalchemy.exc.IntegrityError: (sqlalchemy.dialects.postgresql.asyncpg.IntegrityError) <class 'asyncpg.exceptions.ForeignKeyViolationError'>: insert or update on table "recurring_task_rules" violates foreign key constraint "recurring_task_rules_user_id_fkey"
E   DETAIL:  Key (user_id)=(b576541e-1a8a-4dc5-8aee-5e7d209cfe4c) is not present in table "users".
E   [SQL: INSERT INTO recurring_task_rules (user_id, goal_id, title, task_type, duration_mins, priority, days_of_week, scheduled_start, is_active, max_per_day) VALUES ($1::UUID, $2::UUID, $3::VARCHAR, $4::VARCHAR, $5::INTEGER, $6::INTEGER, $7::INTEGER[], $8::VARCHAR, $9::BOOLEAN, $10::INTEGER) RETURNING recurring_task_rules.id, recurring_task_rules.created_at, recurring_task_rules.updated_at]
E   [parameters: (UUID('b576541e-1a8a-4dc5-8aee-5e7d209cfe4c'), UUID('39c8f892-4b65-4a4d-a5f4-1fba7892f500'), 'Daily Math', 'study', 60, 1, [0], None, True, 1)]
E   (Background on this error at: https://sqlalche.me/e/20/gkpj)
_______________________ test_api_create_recurring_rule ________________________
..\..\AppData\Local\Programs\Python\Python311\Lib\site-packages\sqlalchemy\dialects\postgresql\asyncpg.py:534: in _prepare_and_execute
    self._rows = deque(await prepared_stmt.fetch(*parameters))
                       ^^^^^^^^^^^^^^^^^^^^^^^^^^^^^^^^^^^^^^
..\..\AppData\Local\Programs\Python\Python311\Lib\site-packages\asyncpg\prepared_stmt.py:176: in fetch
    data = await self.__bind_execute(args, 0, timeout)
           ^^^^^^^^^^^^^^^^^^^^^^^^^^^^^^^^^^^^^^^^^^^
..\..\AppData\Local\Programs\Python\Python311\Lib\site-packages\asyncpg\prepared_stmt.py:267: in __bind_execute
    data, status, _ = await self.__do_execute(
..\..\AppData\Local\Programs\Python\Python311\Lib\site-packages\asyncpg\prepared_stmt.py:256: in __do_execute
    return await executor(protocol)
           ^^^^^^^^^^^^^^^^^^^^^^^^
asyncpg\\protocol\\protocol.pyx:206: in bind_execute
    ???
E   asyncpg.exceptions.ForeignKeyViolationError: insert or update on table "recurring_task_rules" violates foreign key constraint "recurring_task_rules_goal_id_fkey"
E   DETAIL:  Key (goal_id)=(9cc0aee2-1efc-4d43-a564-b5692ab98347) is not present in table "goals".

The above exception was the direct cause of the following exception:
..\..\AppData\Local\Programs\Python\Python311\Lib\site-packages\sqlalchemy\engine\base.py:1967: in _exec_single_context
    self.dialect.do_execute(
..\..\AppData\Local\Programs\Python\Python311\Lib\site-packages\sqlalchemy\engine\default.py:941: in do_execute
    cursor.execute(statement, parameters)
..\..\AppData\Local\Programs\Python\Python311\Lib\site-packages\sqlalchemy\dialects\postgresql\asyncpg.py:568: in execute
    self._adapt_connection.await_(
..\..\AppData\Local\Programs\Python\Python311\Lib\site-packages\sqlalchemy\util\_concurrency_py3k.py:132: in await_only
    return current.parent.switch(awaitable)  # type: ignore[no-any-return,attr-defined] # noqa: E501
           ^^^^^^^^^^^^^^^^^^^^^^^^^^^^^^^^
..\..\AppData\Local\Programs\Python\Python311\Lib\site-packages\sqlalchemy\util\_concurrency_py3k.py:196: in greenlet_spawn
    value = await result
            ^^^^^^^^^^^^
..\..\AppData\Local\Programs\Python\Python311\Lib\site-packages\sqlalchemy\dialects\postgresql\asyncpg.py:546: in _prepare_and_execute
    self._handle_exception(error)
..\..\AppData\Local\Programs\Python\Python311\Lib\site-packages\sqlalchemy\dialects\postgresql\asyncpg.py:497: in _handle_exception
    self._adapt_connection._handle_exception(error)
..\..\AppData\Local\Programs\Python\Python311\Lib\site-packages\sqlalchemy\dialects\postgresql\asyncpg.py:780: in _handle_exception
    raise translated_error from error
E   sqlalchemy.dialects.postgresql.asyncpg.AsyncAdapt_asyncpg_dbapi.IntegrityError: <class 'asyncpg.exceptions.ForeignKeyViolationError'>: insert or update on table "recurring_task_rules" violates foreign key constraint "recurring_task_rules_goal_id_fkey"
E   DETAIL:  Key (goal_id)=(9cc0aee2-1efc-4d43-a564-b5692ab98347) is not present in table "goals".

The above exception was the direct cause of the following exception:
tests\test_sprint7_recurring_tasks.py:166: in test_api_create_recurring_rule
    response = await async_client.post("/api/v1/recurring-rules", json=payload, headers=headers)
               ^^^^^^^^^^^^^^^^^^^^^^^^^^^^^^^^^^^^^^^^^^^^^^^^^^^^^^^^^^^^^^^^^^^^^^^^^^^^^^^^^
..\..\AppData\Local\Programs\Python\Python311\Lib\site-packages\httpx\_client.py:1859: in post
    return await self.request(
..\..\AppData\Local\Programs\Python\Python311\Lib\site-packages\httpx\_client.py:1540: in request
    return await self.send(request, auth=auth, follow_redirects=follow_redirects)
           ^^^^^^^^^^^^^^^^^^^^^^^^^^^^^^^^^^^^^^^^^^^^^^^^^^^^^^^^^^^^^^^^^^^^^^
..\..\AppData\Local\Programs\Python\Python311\Lib\site-packages\httpx\_client.py:1629: in send
    response = await self._send_handling_auth(
..\..\AppData\Local\Programs\Python\Python311\Lib\site-packages\httpx\_client.py:1657: in _send_handling_auth
    response = await self._send_handling_redirects(
..\..\AppData\Local\Programs\Python\Python311\Lib\site-packages\httpx\_client.py:1694: in _send_handling_redirects
    response = await self._send_single_request(request)
               ^^^^^^^^^^^^^^^^^^^^^^^^^^^^^^^^^^^^^^^^
..\..\AppData\Local\Programs\Python\Python311\Lib\site-packages\httpx\_client.py:1730: in _send_single_request
    response = await transport.handle_async_request(request)
               ^^^^^^^^^^^^^^^^^^^^^^^^^^^^^^^^^^^^^^^^^^^^^
..\..\AppData\Local\Programs\Python\Python311\Lib\site-packages\httpx\_transports\asgi.py:170: in handle_async_request
    await self.app(scope, receive, send)
..\..\AppData\Local\Programs\Python\Python311\Lib\site-packages\fastapi\applications.py:1163: in __call__
    await super().__call__(scope, receive, send)
..\..\AppData\Local\Programs\Python\Python311\Lib\site-packages\starlette\applications.py:107: in __call__
    await self.middleware_stack(scope, receive, send)
..\..\AppData\Local\Programs\Python\Python311\Lib\site-packages\starlette\middleware\errors.py:186: in __call__
    raise exc
..\..\AppData\Local\Programs\Python\Python311\Lib\site-packages\starlette\middleware\errors.py:164: in __call__
    await self.app(scope, receive, _send)
..\..\AppData\Local\Programs\Python\Python311\Lib\site-packages\starlette\middleware\cors.py:87: in __call__
    await self.app(scope, receive, send)
app\core\middleware.py:40: in __call__
    await self.app(scope, receive, send_wrapper)
..\..\AppData\Local\Programs\Python\Python311\Lib\site-packages\starlette\middleware\exceptions.py:63: in __call__
    await wrap_app_handling_exceptions(self.app, conn)(scope, receive, send)
..\..\AppData\Local\Programs\Python\Python311\Lib\site-packages\starlette\_exception_handler.py:53: in wrapped_app
    raise exc
..\..\AppData\Local\Programs\Python\Python311\Lib\site-packages\starlette\_exception_handler.py:42: in wrapped_app
    await app(scope, receive, sender)
..\..\AppData\Local\Programs\Python\Python311\Lib\site-packages\fastapi\middleware\asyncexitstack.py:18: in __call__
    await self.app(scope, receive, send)
..\..\AppData\Local\Programs\Python\Python311\Lib\site-packages\starlette\routing.py:716: in __call__
    await self.middleware_stack(scope, receive, send)
..\..\AppData\Local\Programs\Python\Python311\Lib\site-packages\starlette\routing.py:736: in app
    await route.handle(scope, receive, send)
..\..\AppData\Local\Programs\Python\Python311\Lib\site-packages\starlette\routing.py:290: in handle
    await self.app(scope, receive, send)
..\..\AppData\Local\Programs\Python\Python311\Lib\site-packages\fastapi\routing.py:134: in app
    await wrap_app_handling_exceptions(app, request)(scope, receive, send)
..\..\AppData\Local\Programs\Python\Python311\Lib\site-packages\starlette\_exception_handler.py:53: in wrapped_app
    raise exc
..\..\AppData\Local\Programs\Python\Python311\Lib\site-packages\starlette\_exception_handler.py:42: in wrapped_app
    await app(scope, receive, sender)
..\..\AppData\Local\Programs\Python\Python311\Lib\site-packages\fastapi\routing.py:120: in app
    response = await f(request)
               ^^^^^^^^^^^^^^^^
..\..\AppData\Local\Programs\Python\Python311\Lib\site-packages\fastapi\routing.py:674: in app
    raw_response = await run_endpoint_function(
..\..\AppData\Local\Programs\Python\Python311\Lib\site-packages\fastapi\routing.py:328: in run_endpoint_function
    return await dependant.call(**values)
           ^^^^^^^^^^^^^^^^^^^^^^^^^^^^^^
..\..\AppData\Local\Programs\Python\Python311\Lib\site-packages\slowapi\extension.py:734: in async_wrapper
    response = await func(*args, **kwargs)  # type: ignore
               ^^^^^^^^^^^^^^^^^^^^^^^^^^^
app\routers\recurring_rules.py:39: in create_rule
    return await create_recurring_rule(data, current_user.id, db)
           ^^^^^^^^^^^^^^^^^^^^^^^^^^^^^^^^^^^^^^^^^^^^^^^^^^^^^^
app\services\recurring_task_service.py:32: in create_recurring_rule
    await db.flush()
..\..\AppData\Local\Programs\Python\Python311\Lib\site-packages\sqlalchemy\ext\asyncio\session.py:800: in flush
    await greenlet_spawn(self.sync_session.flush, objects=objects)
..\..\AppData\Local\Programs\Python\Python311\Lib\site-packages\sqlalchemy\util\_concurrency_py3k.py:203: in greenlet_spawn
    result = context.switch(value)
             ^^^^^^^^^^^^^^^^^^^^^
..\..\AppData\Local\Programs\Python\Python311\Lib\site-packages\sqlalchemy\orm\session.py:4352: in flush
    self._flush(objects)
..\..\AppData\Local\Programs\Python\Python311\Lib\site-packages\sqlalchemy\orm\session.py:4487: in _flush
    with util.safe_reraise():
..\..\AppData\Local\Programs\Python\Python311\Lib\site-packages\sqlalchemy\util\langhelpers.py:146: in __exit__
    raise exc_value.with_traceback(exc_tb)
..\..\AppData\Local\Programs\Python\Python311\Lib\site-packages\sqlalchemy\orm\session.py:4448: in _flush
    flush_context.execute()
..\..\AppData\Local\Programs\Python\Python311\Lib\site-packages\sqlalchemy\orm\unitofwork.py:466: in execute
    rec.execute(self)
..\..\AppData\Local\Programs\Python\Python311\Lib\site-packages\sqlalchemy\orm\unitofwork.py:642: in execute
    util.preloaded.orm_persistence.save_obj(
..\..\AppData\Local\Programs\Python\Python311\Lib\site-packages\sqlalchemy\orm\persistence.py:93: in save_obj
    _emit_insert_statements(
..\..\AppData\Local\Programs\Python\Python311\Lib\site-packages\sqlalchemy\orm\persistence.py:1233: in _emit_insert_statements
    result = connection.execute(
..\..\AppData\Local\Programs\Python\Python311\Lib\site-packages\sqlalchemy\engine\base.py:1418: in execute
    return meth(
..\..\AppData\Local\Programs\Python\Python311\Lib\site-packages\sqlalchemy\sql\elements.py:515: in _execute_on_connection
    return connection._execute_clauseelement(
..\..\AppData\Local\Programs\Python\Python311\Lib\site-packages\sqlalchemy\engine\base.py:1640: in _execute_clauseelement
    ret = self._execute_context(
..\..\AppData\Local\Programs\Python\Python311\Lib\site-packages\sqlalchemy\engine\base.py:1846: in _execute_context
    return self._exec_single_context(
..\..\AppData\Local\Programs\Python\Python311\Lib\site-packages\sqlalchemy\engine\base.py:1986: in _exec_single_context
    self._handle_dbapi_exception(
..\..\AppData\Local\Programs\Python\Python311\Lib\site-packages\sqlalchemy\engine\base.py:2355: in _handle_dbapi_exception
    raise sqlalchemy_exception.with_traceback(exc_info[2]) from e
..\..\AppData\Local\Programs\Python\Python311\Lib\site-packages\sqlalchemy\engine\base.py:1967: in _exec_single_context
    self.dialect.do_execute(
..\..\AppData\Local\Programs\Python\Python311\Lib\site-packages\sqlalchemy\engine\default.py:941: in do_execute
    cursor.execute(statement, parameters)
..\..\AppData\Local\Programs\Python\Python311\Lib\site-packages\sqlalchemy\dialects\postgresql\asyncpg.py:568: in execute
    self._adapt_connection.await_(
..\..\AppData\Local\Programs\Python\Python311\Lib\site-packages\sqlalchemy\util\_concurrency_py3k.py:132: in await_only
    return current.parent.switch(awaitable)  # type: ignore[no-any-return,attr-defined] # noqa: E501
           ^^^^^^^^^^^^^^^^^^^^^^^^^^^^^^^^
..\..\AppData\Local\Programs\Python\Python311\Lib\site-packages\sqlalchemy\util\_concurrency_py3k.py:196: in greenlet_spawn
    value = await result
            ^^^^^^^^^^^^
..\..\AppData\Local\Programs\Python\Python311\Lib\site-packages\sqlalchemy\dialects\postgresql\asyncpg.py:546: in _prepare_and_execute
    self._handle_exception(error)
..\..\AppData\Local\Programs\Python\Python311\Lib\site-packages\sqlalchemy\dialects\postgresql\asyncpg.py:497: in _handle_exception
    self._adapt_connection._handle_exception(error)
..\..\AppData\Local\Programs\Python\Python311\Lib\site-packages\sqlalchemy\dialects\postgresql\asyncpg.py:780: in _handle_exception
    raise translated_error from error
E   sqlalchemy.exc.IntegrityError: (sqlalchemy.dialects.postgresql.asyncpg.IntegrityError) <class 'asyncpg.exceptions.ForeignKeyViolationError'>: insert or update on table "recurring_task_rules" violates foreign key constraint "recurring_task_rules_goal_id_fkey"
E   DETAIL:  Key (goal_id)=(9cc0aee2-1efc-4d43-a564-b5692ab98347) is not present in table "goals".
E   [SQL: INSERT INTO recurring_task_rules (user_id, goal_id, title, task_type, duration_mins, priority, days_of_week, scheduled_start, is_active, max_per_day) VALUES ($1::UUID, $2::UUID, $3::VARCHAR, $4::VARCHAR, $5::INTEGER, $6::INTEGER, $7::INTEGER[], $8::VARCHAR, $9::BOOLEAN, $10::INTEGER) RETURNING recurring_task_rules.id, recurring_task_rules.created_at, recurring_task_rules.updated_at]
E   [parameters: (UUID('dd50c155-6cf4-44a7-97b4-59f1f1029fdf'), UUID('9cc0aee2-1efc-4d43-a564-b5692ab98347'), 'API Rule', 'study', 45, 1, [0, 2, 4], None, True, 1)]
E   (Background on this error at: https://sqlalche.me/e/20/gkpj)
---------------------------- Captured stdout setup ----------------------------
2026-05-01 23:30:38,034 DEBUG    passlib.handlers.bcrypt [-] detected 'bcrypt' backend, version '4.0.1'
2026-05-01 23:30:38,035 DEBUG    passlib.handlers.bcrypt [-] 'bcrypt' backend lacks $2$ support, enabling workaround
----------------------------- Captured log setup ------------------------------
DEBUG    passlib.handlers.bcrypt:bcrypt.py:625 detected 'bcrypt' backend, version '4.0.1'
DEBUG    passlib.handlers.bcrypt:bcrypt.py:406 'bcrypt' backend lacks $2$ support, enabling workaround
---------------------------- Captured stdout call -----------------------------
2026-05-01 23:30:38,341 ERROR    app.main [-] unhandled_exception
Traceback (most recent call last):
  File "C:\Users\nirva\AppData\Local\Programs\Python\Python311\Lib\site-packages\sqlalchemy\dialects\postgresql\asyncpg.py", line 534, in _prepare_and_execute
    self._rows = deque(await prepared_stmt.fetch(*parameters))
                       ^^^^^^^^^^^^^^^^^^^^^^^^^^^^^^^^^^^^^^
  File "C:\Users\nirva\AppData\Local\Programs\Python\Python311\Lib\site-packages\asyncpg\prepared_stmt.py", line 176, in fetch
    data = await self.__bind_execute(args, 0, timeout)
           ^^^^^^^^^^^^^^^^^^^^^^^^^^^^^^^^^^^^^^^^^^^
  File "C:\Users\nirva\AppData\Local\Programs\Python\Python311\Lib\site-packages\asyncpg\prepared_stmt.py", line 267, in __bind_execute
    data, status, _ = await self.__do_execute(
                      ^^^^^^^^^^^^^^^^^^^^^^^^
  File "C:\Users\nirva\AppData\Local\Programs\Python\Python311\Lib\site-packages\asyncpg\prepared_stmt.py", line 256, in __do_execute
    return await executor(protocol)
           ^^^^^^^^^^^^^^^^^^^^^^^^
  File "asyncpg\\protocol\\protocol.pyx", line 206, in bind_execute
asyncpg.exceptions.ForeignKeyViolationError: insert or update on table "recurring_task_rules" violates foreign key constraint "recurring_task_rules_goal_id_fkey"
DETAIL:  Key (goal_id)=(9cc0aee2-1efc-4d43-a564-b5692ab98347) is not present in table "goals".

The above exception was the direct cause of the following exception:

Traceback (most recent call last):
  File "C:\Users\nirva\AppData\Local\Programs\Python\Python311\Lib\site-packages\sqlalchemy\engine\base.py", line 1967, in _exec_single_context
    self.dialect.do_execute(
  File "C:\Users\nirva\AppData\Local\Programs\Python\Python311\Lib\site-packages\sqlalchemy\engine\default.py", line 941, in do_execute
    cursor.execute(statement, parameters)
  File "C:\Users\nirva\AppData\Local\Programs\Python\Python311\Lib\site-packages\sqlalchemy\dialects\postgresql\asyncpg.py", line 568, in execute
    self._adapt_connection.await_(
  File "C:\Users\nirva\AppData\Local\Programs\Python\Python311\Lib\site-packages\sqlalchemy\util\_concurrency_py3k.py", line 132, in await_only
    return current.parent.switch(awaitable)  # type: ignore[no-any-return,attr-defined] # noqa: E501
           ^^^^^^^^^^^^^^^^^^^^^^^^^^^^^^^^
  File "C:\Users\nirva\AppData\Local\Programs\Python\Python311\Lib\site-packages\sqlalchemy\util\_concurrency_py3k.py", line 196, in greenlet_spawn
    value = await result
            ^^^^^^^^^^^^
  File "C:\Users\nirva\AppData\Local\Programs\Python\Python311\Lib\site-packages\sqlalchemy\dialects\postgresql\asyncpg.py", line 546, in _prepare_and_execute
    self._handle_exception(error)
  File "C:\Users\nirva\AppData\Local\Programs\Python\Python311\Lib\site-packages\sqlalchemy\dialects\postgresql\asyncpg.py", line 497, in _handle_exception
    self._adapt_connection._handle_exception(error)
  File "C:\Users\nirva\AppData\Local\Programs\Python\Python311\Lib\site-packages\sqlalchemy\dialects\postgresql\asyncpg.py", line 780, in _handle_exception
    raise translated_error from error
sqlalchemy.dialects.postgresql.asyncpg.AsyncAdapt_asyncpg_dbapi.IntegrityError: <class 'asyncpg.exceptions.ForeignKeyViolationError'>: insert or update on table "recurring_task_rules" violates foreign key constraint "recurring_task_rules_goal_id_fkey"
DETAIL:  Key (goal_id)=(9cc0aee2-1efc-4d43-a564-b5692ab98347) is not present in table "goals".

The above exception was the direct cause of the following exception:

Traceback (most recent call last):
  File "C:\Users\nirva\AppData\Local\Programs\Python\Python311\Lib\site-packages\starlette\middleware\errors.py", line 164, in __call__
    await self.app(scope, receive, _send)
  File "C:\Users\nirva\AppData\Local\Programs\Python\Python311\Lib\site-packages\starlette\middleware\cors.py", line 87, in __call__
    await self.app(scope, receive, send)
  File "C:\Users\nirva\Downloads\Momentum API\app\core\middleware.py", line 40, in __call__
    await self.app(scope, receive, send_wrapper)
  File "C:\Users\nirva\AppData\Local\Programs\Python\Python311\Lib\site-packages\starlette\middleware\exceptions.py", line 63, in __call__
    await wrap_app_handling_exceptions(self.app, conn)(scope, receive, send)
  File "C:\Users\nirva\AppData\Local\Programs\Python\Python311\Lib\site-packages\starlette\_exception_handler.py", line 53, in wrapped_app
    raise exc
  File "C:\Users\nirva\AppData\Local\Programs\Python\Python311\Lib\site-packages\starlette\_exception_handler.py", line 42, in wrapped_app
    await app(scope, receive, sender)
  File "C:\Users\nirva\AppData\Local\Programs\Python\Python311\Lib\site-packages\fastapi\middleware\asyncexitstack.py", line 18, in __call__
    await self.app(scope, receive, send)
  File "C:\Users\nirva\AppData\Local\Programs\Python\Python311\Lib\site-packages\starlette\routing.py", line 716, in __call__
    await self.middleware_stack(scope, receive, send)
  File "C:\Users\nirva\AppData\Local\Programs\Python\Python311\Lib\site-packages\starlette\routing.py", line 736, in app
    await route.handle(scope, receive, send)
  File "C:\Users\nirva\AppData\Local\Programs\Python\Python311\Lib\site-packages\starlette\routing.py", line 290, in handle
    await self.app(scope, receive, send)
  File "C:\Users\nirva\AppData\Local\Programs\Python\Python311\Lib\site-packages\fastapi\routing.py", line 134, in app
    await wrap_app_handling_exceptions(app, request)(scope, receive, send)
  File "C:\Users\nirva\AppData\Local\Programs\Python\Python311\Lib\site-packages\starlette\_exception_handler.py", line 53, in wrapped_app
    raise exc
  File "C:\Users\nirva\AppData\Local\Programs\Python\Python311\Lib\site-packages\starlette\_exception_handler.py", line 42, in wrapped_app
    await app(scope, receive, sender)
  File "C:\Users\nirva\AppData\Local\Programs\Python\Python311\Lib\site-packages\fastapi\routing.py", line 120, in app
    response = await f(request)
               ^^^^^^^^^^^^^^^^
  File "C:\Users\nirva\AppData\Local\Programs\Python\Python311\Lib\site-packages\fastapi\routing.py", line 674, in app
    raw_response = await run_endpoint_function(
                   ^^^^^^^^^^^^^^^^^^^^^^^^^^^^
  File "C:\Users\nirva\AppData\Local\Programs\Python\Python311\Lib\site-packages\fastapi\routing.py", line 328, in run_endpoint_function
    return await dependant.call(**values)
           ^^^^^^^^^^^^^^^^^^^^^^^^^^^^^^
  File "C:\Users\nirva\AppData\Local\Programs\Python\Python311\Lib\site-packages\slowapi\extension.py", line 734, in async_wrapper
    response = await func(*args, **kwargs)  # type: ignore
               ^^^^^^^^^^^^^^^^^^^^^^^^^^^
  File "C:\Users\nirva\Downloads\Momentum API\app\routers\recurring_rules.py", line 39, in create_rule
    return await create_recurring_rule(data, current_user.id, db)
           ^^^^^^^^^^^^^^^^^^^^^^^^^^^^^^^^^^^^^^^^^^^^^^^^^^^^^^
  File "C:\Users\nirva\Downloads\Momentum API\app\services\recurring_task_service.py", line 32, in create_recurring_rule
    await db.flush()
  File "C:\Users\nirva\AppData\Local\Programs\Python\Python311\Lib\site-packages\sqlalchemy\ext\asyncio\session.py", line 800, in flush
    await greenlet_spawn(self.sync_session.flush, objects=objects)
  File "C:\Users\nirva\AppData\Local\Programs\Python\Python311\Lib\site-packages\sqlalchemy\util\_concurrency_py3k.py", line 203, in greenlet_spawn
    result = context.switch(value)
             ^^^^^^^^^^^^^^^^^^^^^
  File "C:\Users\nirva\AppData\Local\Programs\Python\Python311\Lib\site-packages\sqlalchemy\orm\session.py", line 4352, in flush
    self._flush(objects)
  File "C:\Users\nirva\AppData\Local\Programs\Python\Python311\Lib\site-packages\sqlalchemy\orm\session.py", line 4487, in _flush
    with util.safe_reraise():
  File "C:\Users\nirva\AppData\Local\Programs\Python\Python311\Lib\site-packages\sqlalchemy\util\langhelpers.py", line 146, in __exit__
    raise exc_value.with_traceback(exc_tb)
  File "C:\Users\nirva\AppData\Local\Programs\Python\Python311\Lib\site-packages\sqlalchemy\orm\session.py", line 4448, in _flush
    flush_context.execute()
  File "C:\Users\nirva\AppData\Local\Programs\Python\Python311\Lib\site-packages\sqlalchemy\orm\unitofwork.py", line 466, in execute
    rec.execute(self)
  File "C:\Users\nirva\AppData\Local\Programs\Python\Python311\Lib\site-packages\sqlalchemy\orm\unitofwork.py", line 642, in execute
    util.preloaded.orm_persistence.save_obj(
  File "C:\Users\nirva\AppData\Local\Programs\Python\Python311\Lib\site-packages\sqlalchemy\orm\persistence.py", line 93, in save_obj
    _emit_insert_statements(
  File "C:\Users\nirva\AppData\Local\Programs\Python\Python311\Lib\site-packages\sqlalchemy\orm\persistence.py", line 1233, in _emit_insert_statements
    result = connection.execute(
             ^^^^^^^^^^^^^^^^^^^
  File "C:\Users\nirva\AppData\Local\Programs\Python\Python311\Lib\site-packages\sqlalchemy\engine\base.py", line 1418, in execute
    return meth(
           ^^^^^
  File "C:\Users\nirva\AppData\Local\Programs\Python\Python311\Lib\site-packages\sqlalchemy\sql\elements.py", line 515, in _execute_on_connection
    return connection._execute_clauseelement(
           ^^^^^^^^^^^^^^^^^^^^^^^^^^^^^^^^^^
  File "C:\Users\nirva\AppData\Local\Programs\Python\Python311\Lib\site-packages\sqlalchemy\engine\base.py", line 1640, in _execute_clauseelement
    ret = self._execute_context(
          ^^^^^^^^^^^^^^^^^^^^^^
  File "C:\Users\nirva\AppData\Local\Programs\Python\Python311\Lib\site-packages\sqlalchemy\engine\base.py", line 1846, in _execute_context
    return self._exec_single_context(
           ^^^^^^^^^^^^^^^^^^^^^^^^^^
  File "C:\Users\nirva\AppData\Local\Programs\Python\Python311\Lib\site-packages\sqlalchemy\engine\base.py", line 1986, in _exec_single_context
    self._handle_dbapi_exception(
  File "C:\Users\nirva\AppData\Local\Programs\Python\Python311\Lib\site-packages\sqlalchemy\engine\base.py", line 2355, in _handle_dbapi_exception
    raise sqlalchemy_exception.with_traceback(exc_info[2]) from e
  File "C:\Users\nirva\AppData\Local\Programs\Python\Python311\Lib\site-packages\sqlalchemy\engine\base.py", line 1967, in _exec_single_context
    self.dialect.do_execute(
  File "C:\Users\nirva\AppData\Local\Programs\Python\Python311\Lib\site-packages\sqlalchemy\engine\default.py", line 941, in do_execute
    cursor.execute(statement, parameters)
  File "C:\Users\nirva\AppData\Local\Programs\Python\Python311\Lib\site-packages\sqlalchemy\dialects\postgresql\asyncpg.py", line 568, in execute
    self._adapt_connection.await_(
  File "C:\Users\nirva\AppData\Local\Programs\Python\Python311\Lib\site-packages\sqlalchemy\util\_concurrency_py3k.py", line 132, in await_only
    return current.parent.switch(awaitable)  # type: ignore[no-any-return,attr-defined] # noqa: E501
           ^^^^^^^^^^^^^^^^^^^^^^^^^^^^^^^^
  File "C:\Users\nirva\AppData\Local\Programs\Python\Python311\Lib\site-packages\sqlalchemy\util\_concurrency_py3k.py", line 196, in greenlet_spawn
    value = await result
            ^^^^^^^^^^^^
  File "C:\Users\nirva\AppData\Local\Programs\Python\Python311\Lib\site-packages\sqlalchemy\dialects\postgresql\asyncpg.py", line 546, in _prepare_and_execute
    self._handle_exception(error)
  File "C:\Users\nirva\AppData\Local\Programs\Python\Python311\Lib\site-packages\sqlalchemy\dialects\postgresql\asyncpg.py", line 497, in _handle_exception
    self._adapt_connection._handle_exception(error)
  File "C:\Users\nirva\AppData\Local\Programs\Python\Python311\Lib\site-packages\sqlalchemy\dialects\postgresql\asyncpg.py", line 780, in _handle_exception
    raise translated_error from error
sqlalchemy.exc.IntegrityError: (sqlalchemy.dialects.postgresql.asyncpg.IntegrityError) <class 'asyncpg.exceptions.ForeignKeyViolationError'>: insert or update on table "recurring_task_rules" violates foreign key constraint "recurring_task_rules_goal_id_fkey"
DETAIL:  Key (goal_id)=(9cc0aee2-1efc-4d43-a564-b5692ab98347) is not present in table "goals".
[SQL: INSERT INTO recurring_task_rules (user_id, goal_id, title, task_type, duration_mins, priority, days_of_week, scheduled_start, is_active, max_per_day) VALUES ($1::UUID, $2::UUID, $3::VARCHAR, $4::VARCHAR, $5::INTEGER, $6::INTEGER, $7::INTEGER[], $8::VARCHAR, $9::BOOLEAN, $10::INTEGER) RETURNING recurring_task_rules.id, recurring_task_rules.created_at, recurring_task_rules.updated_at]
[parameters: (UUID('dd50c155-6cf4-44a7-97b4-59f1f1029fdf'), UUID('9cc0aee2-1efc-4d43-a564-b5692ab98347'), 'API Rule', 'study', 45, 1, [0, 2, 4], None, True, 1)]
(Background on this error at: https://sqlalche.me/e/20/gkpj)
------------------------------ Captured log call ------------------------------
ERROR    app.main:main.py:148 unhandled_exception
Traceback (most recent call last):
  File "C:\Users\nirva\AppData\Local\Programs\Python\Python311\Lib\site-packages\sqlalchemy\dialects\postgresql\asyncpg.py", line 534, in _prepare_and_execute
    self._rows = deque(await prepared_stmt.fetch(*parameters))
                       ^^^^^^^^^^^^^^^^^^^^^^^^^^^^^^^^^^^^^^
  File "C:\Users\nirva\AppData\Local\Programs\Python\Python311\Lib\site-packages\asyncpg\prepared_stmt.py", line 176, in fetch
    data = await self.__bind_execute(args, 0, timeout)
           ^^^^^^^^^^^^^^^^^^^^^^^^^^^^^^^^^^^^^^^^^^^
  File "C:\Users\nirva\AppData\Local\Programs\Python\Python311\Lib\site-packages\asyncpg\prepared_stmt.py", line 267, in __bind_execute
    data, status, _ = await self.__do_execute(
                      ^^^^^^^^^^^^^^^^^^^^^^^^
  File "C:\Users\nirva\AppData\Local\Programs\Python\Python311\Lib\site-packages\asyncpg\prepared_stmt.py", line 256, in __do_execute
    return await executor(protocol)
           ^^^^^^^^^^^^^^^^^^^^^^^^
  File "asyncpg\\protocol\\protocol.pyx", line 206, in bind_execute
asyncpg.exceptions.ForeignKeyViolationError: insert or update on table "recurring_task_rules" violates foreign key constraint "recurring_task_rules_goal_id_fkey"
DETAIL:  Key (goal_id)=(9cc0aee2-1efc-4d43-a564-b5692ab98347) is not present in table "goals".

The above exception was the direct cause of the following exception:

Traceback (most recent call last):
  File "C:\Users\nirva\AppData\Local\Programs\Python\Python311\Lib\site-packages\sqlalchemy\engine\base.py", line 1967, in _exec_single_context
    self.dialect.do_execute(
  File "C:\Users\nirva\AppData\Local\Programs\Python\Python311\Lib\site-packages\sqlalchemy\engine\default.py", line 941, in do_execute
    cursor.execute(statement, parameters)
  File "C:\Users\nirva\AppData\Local\Programs\Python\Python311\Lib\site-packages\sqlalchemy\dialects\postgresql\asyncpg.py", line 568, in execute
    self._adapt_connection.await_(
  File "C:\Users\nirva\AppData\Local\Programs\Python\Python311\Lib\site-packages\sqlalchemy\util\_concurrency_py3k.py", line 132, in await_only
    return current.parent.switch(awaitable)  # type: ignore[no-any-return,attr-defined] # noqa: E501
           ^^^^^^^^^^^^^^^^^^^^^^^^^^^^^^^^
  File "C:\Users\nirva\AppData\Local\Programs\Python\Python311\Lib\site-packages\sqlalchemy\util\_concurrency_py3k.py", line 196, in greenlet_spawn
    value = await result
            ^^^^^^^^^^^^
  File "C:\Users\nirva\AppData\Local\Programs\Python\Python311\Lib\site-packages\sqlalchemy\dialects\postgresql\asyncpg.py", line 546, in _prepare_and_execute
    self._handle_exception(error)
  File "C:\Users\nirva\AppData\Local\Programs\Python\Python311\Lib\site-packages\sqlalchemy\dialects\postgresql\asyncpg.py", line 497, in _handle_exception
    self._adapt_connection._handle_exception(error)
  File "C:\Users\nirva\AppData\Local\Programs\Python\Python311\Lib\site-packages\sqlalchemy\dialects\postgresql\asyncpg.py", line 780, in _handle_exception
    raise translated_error from error
sqlalchemy.dialects.postgresql.asyncpg.AsyncAdapt_asyncpg_dbapi.IntegrityError: <class 'asyncpg.exceptions.ForeignKeyViolationError'>: insert or update on table "recurring_task_rules" violates foreign key constraint "recurring_task_rules_goal_id_fkey"
DETAIL:  Key (goal_id)=(9cc0aee2-1efc-4d43-a564-b5692ab98347) is not present in table "goals".

The above exception was the direct cause of the following exception:

Traceback (most recent call last):
  File "C:\Users\nirva\AppData\Local\Programs\Python\Python311\Lib\site-packages\starlette\middleware\errors.py", line 164, in __call__
    await self.app(scope, receive, _send)
  File "C:\Users\nirva\AppData\Local\Programs\Python\Python311\Lib\site-packages\starlette\middleware\cors.py", line 87, in __call__
    await self.app(scope, receive, send)
  File "C:\Users\nirva\Downloads\Momentum API\app\core\middleware.py", line 40, in __call__
    await self.app(scope, receive, send_wrapper)
  File "C:\Users\nirva\AppData\Local\Programs\Python\Python311\Lib\site-packages\starlette\middleware\exceptions.py", line 63, in __call__
    await wrap_app_handling_exceptions(self.app, conn)(scope, receive, send)
  File "C:\Users\nirva\AppData\Local\Programs\Python\Python311\Lib\site-packages\starlette\_exception_handler.py", line 53, in wrapped_app
    raise exc
  File "C:\Users\nirva\AppData\Local\Programs\Python\Python311\Lib\site-packages\starlette\_exception_handler.py", line 42, in wrapped_app
    await app(scope, receive, sender)
  File "C:\Users\nirva\AppData\Local\Programs\Python\Python311\Lib\site-packages\fastapi\middleware\asyncexitstack.py", line 18, in __call__
    await self.app(scope, receive, send)
  File "C:\Users\nirva\AppData\Local\Programs\Python\Python311\Lib\site-packages\starlette\routing.py", line 716, in __call__
    await self.middleware_stack(scope, receive, send)
  File "C:\Users\nirva\AppData\Local\Programs\Python\Python311\Lib\site-packages\starlette\routing.py", line 736, in app
    await route.handle(scope, receive, send)
  File "C:\Users\nirva\AppData\Local\Programs\Python\Python311\Lib\site-packages\starlette\routing.py", line 290, in handle
    await self.app(scope, receive, send)
  File "C:\Users\nirva\AppData\Local\Programs\Python\Python311\Lib\site-packages\fastapi\routing.py", line 134, in app
    await wrap_app_handling_exceptions(app, request)(scope, receive, send)
  File "C:\Users\nirva\AppData\Local\Programs\Python\Python311\Lib\site-packages\starlette\_exception_handler.py", line 53, in wrapped_app
    raise exc
  File "C:\Users\nirva\AppData\Local\Programs\Python\Python311\Lib\site-packages\starlette\_exception_handler.py", line 42, in wrapped_app
    await app(scope, receive, sender)
  File "C:\Users\nirva\AppData\Local\Programs\Python\Python311\Lib\site-packages\fastapi\routing.py", line 120, in app
    response = await f(request)
               ^^^^^^^^^^^^^^^^
  File "C:\Users\nirva\AppData\Local\Programs\Python\Python311\Lib\site-packages\fastapi\routing.py", line 674, in app
    raw_response = await run_endpoint_function(
                   ^^^^^^^^^^^^^^^^^^^^^^^^^^^^
  File "C:\Users\nirva\AppData\Local\Programs\Python\Python311\Lib\site-packages\fastapi\routing.py", line 328, in run_endpoint_function
    return await dependant.call(**values)
           ^^^^^^^^^^^^^^^^^^^^^^^^^^^^^^
  File "C:\Users\nirva\AppData\Local\Programs\Python\Python311\Lib\site-packages\slowapi\extension.py", line 734, in async_wrapper
    response = await func(*args, **kwargs)  # type: ignore
               ^^^^^^^^^^^^^^^^^^^^^^^^^^^
  File "C:\Users\nirva\Downloads\Momentum API\app\routers\recurring_rules.py", line 39, in create_rule
    return await create_recurring_rule(data, current_user.id, db)
           ^^^^^^^^^^^^^^^^^^^^^^^^^^^^^^^^^^^^^^^^^^^^^^^^^^^^^^
  File "C:\Users\nirva\Downloads\Momentum API\app\services\recurring_task_service.py", line 32, in create_recurring_rule
    await db.flush()
  File "C:\Users\nirva\AppData\Local\Programs\Python\Python311\Lib\site-packages\sqlalchemy\ext\asyncio\session.py", line 800, in flush
    await greenlet_spawn(self.sync_session.flush, objects=objects)
  File "C:\Users\nirva\AppData\Local\Programs\Python\Python311\Lib\site-packages\sqlalchemy\util\_concurrency_py3k.py", line 203, in greenlet_spawn
    result = context.switch(value)
             ^^^^^^^^^^^^^^^^^^^^^
  File "C:\Users\nirva\AppData\Local\Programs\Python\Python311\Lib\site-packages\sqlalchemy\orm\session.py", line 4352, in flush
    self._flush(objects)
  File "C:\Users\nirva\AppData\Local\Programs\Python\Python311\Lib\site-packages\sqlalchemy\orm\session.py", line 4487, in _flush
    with util.safe_reraise():
  File "C:\Users\nirva\AppData\Local\Programs\Python\Python311\Lib\site-packages\sqlalchemy\util\langhelpers.py", line 146, in __exit__
    raise exc_value.with_traceback(exc_tb)
  File "C:\Users\nirva\AppData\Local\Programs\Python\Python311\Lib\site-packages\sqlalchemy\orm\session.py", line 4448, in _flush
    flush_context.execute()
  File "C:\Users\nirva\AppData\Local\Programs\Python\Python311\Lib\site-packages\sqlalchemy\orm\unitofwork.py", line 466, in execute
    rec.execute(self)
  File "C:\Users\nirva\AppData\Local\Programs\Python\Python311\Lib\site-packages\sqlalchemy\orm\unitofwork.py", line 642, in execute
    util.preloaded.orm_persistence.save_obj(
  File "C:\Users\nirva\AppData\Local\Programs\Python\Python311\Lib\site-packages\sqlalchemy\orm\persistence.py", line 93, in save_obj
    _emit_insert_statements(
  File "C:\Users\nirva\AppData\Local\Programs\Python\Python311\Lib\site-packages\sqlalchemy\orm\persistence.py", line 1233, in _emit_insert_statements
    result = connection.execute(
             ^^^^^^^^^^^^^^^^^^^
  File "C:\Users\nirva\AppData\Local\Programs\Python\Python311\Lib\site-packages\sqlalchemy\engine\base.py", line 1418, in execute
    return meth(
           ^^^^^
  File "C:\Users\nirva\AppData\Local\Programs\Python\Python311\Lib\site-packages\sqlalchemy\sql\elements.py", line 515, in _execute_on_connection
    return connection._execute_clauseelement(
           ^^^^^^^^^^^^^^^^^^^^^^^^^^^^^^^^^^
  File "C:\Users\nirva\AppData\Local\Programs\Python\Python311\Lib\site-packages\sqlalchemy\engine\base.py", line 1640, in _execute_clauseelement
    ret = self._execute_context(
          ^^^^^^^^^^^^^^^^^^^^^^
  File "C:\Users\nirva\AppData\Local\Programs\Python\Python311\Lib\site-packages\sqlalchemy\engine\base.py", line 1846, in _execute_context
    return self._exec_single_context(
           ^^^^^^^^^^^^^^^^^^^^^^^^^^
  File "C:\Users\nirva\AppData\Local\Programs\Python\Python311\Lib\site-packages\sqlalchemy\engine\base.py", line 1986, in _exec_single_context
    self._handle_dbapi_exception(
  File "C:\Users\nirva\AppData\Local\Programs\Python\Python311\Lib\site-packages\sqlalchemy\engine\base.py", line 2355, in _handle_dbapi_exception
    raise sqlalchemy_exception.with_traceback(exc_info[2]) from e
  File "C:\Users\nirva\AppData\Local\Programs\Python\Python311\Lib\site-packages\sqlalchemy\engine\base.py", line 1967, in _exec_single_context
    self.dialect.do_execute(
  File "C:\Users\nirva\AppData\Local\Programs\Python\Python311\Lib\site-packages\sqlalchemy\engine\default.py", line 941, in do_execute
    cursor.execute(statement, parameters)
  File "C:\Users\nirva\AppData\Local\Programs\Python\Python311\Lib\site-packages\sqlalchemy\dialects\postgresql\asyncpg.py", line 568, in execute
    self._adapt_connection.await_(
  File "C:\Users\nirva\AppData\Local\Programs\Python\Python311\Lib\site-packages\sqlalchemy\util\_concurrency_py3k.py", line 132, in await_only
    return current.parent.switch(awaitable)  # type: ignore[no-any-return,attr-defined] # noqa: E501
           ^^^^^^^^^^^^^^^^^^^^^^^^^^^^^^^^
  File "C:\Users\nirva\AppData\Local\Programs\Python\Python311\Lib\site-packages\sqlalchemy\util\_concurrency_py3k.py", line 196, in greenlet_spawn
    value = await result
            ^^^^^^^^^^^^
  File "C:\Users\nirva\AppData\Local\Programs\Python\Python311\Lib\site-packages\sqlalchemy\dialects\postgresql\asyncpg.py", line 546, in _prepare_and_execute
    self._handle_exception(error)
  File "C:\Users\nirva\AppData\Local\Programs\Python\Python311\Lib\site-packages\sqlalchemy\dialects\postgresql\asyncpg.py", line 497, in _handle_exception
    self._adapt_connection._handle_exception(error)
  File "C:\Users\nirva\AppData\Local\Programs\Python\Python311\Lib\site-packages\sqlalchemy\dialects\postgresql\asyncpg.py", line 780, in _handle_exception
    raise translated_error from error
sqlalchemy.exc.IntegrityError: (sqlalchemy.dialects.postgresql.asyncpg.IntegrityError) <class 'asyncpg.exceptions.ForeignKeyViolationError'>: insert or update on table "recurring_task_rules" violates foreign key constraint "recurring_task_rules_goal_id_fkey"
DETAIL:  Key (goal_id)=(9cc0aee2-1efc-4d43-a564-b5692ab98347) is not present in table "goals".
[SQL: INSERT INTO recurring_task_rules (user_id, goal_id, title, task_type, duration_mins, priority, days_of_week, scheduled_start, is_active, max_per_day) VALUES ($1::UUID, $2::UUID, $3::VARCHAR, $4::VARCHAR, $5::INTEGER, $6::INTEGER, $7::INTEGER[], $8::VARCHAR, $9::BOOLEAN, $10::INTEGER) RETURNING recurring_task_rules.id, recurring_task_rules.created_at, recurring_task_rules.updated_at]
[parameters: (UUID('dd50c155-6cf4-44a7-97b4-59f1f1029fdf'), UUID('9cc0aee2-1efc-4d43-a564-b5692ab98347'), 'API Rule', 'study', 45, 1, [0, 2, 4], None, True, 1)]
(Background on this error at: https://sqlalche.me/e/20/gkpj)
___________________ test_evaluate_rescue_candidate_no_tasks ___________________
..\..\AppData\Local\Programs\Python\Python311\Lib\site-packages\sqlalchemy\dialects\postgresql\asyncpg.py:534: in _prepare_and_execute
    self._rows = deque(await prepared_stmt.fetch(*parameters))
                       ^^^^^^^^^^^^^^^^^^^^^^^^^^^^^^^^^^^^^^
..\..\AppData\Local\Programs\Python\Python311\Lib\site-packages\asyncpg\prepared_stmt.py:176: in fetch
    data = await self.__bind_execute(args, 0, timeout)
           ^^^^^^^^^^^^^^^^^^^^^^^^^^^^^^^^^^^^^^^^^^^
..\..\AppData\Local\Programs\Python\Python311\Lib\site-packages\asyncpg\prepared_stmt.py:267: in __bind_execute
    data, status, _ = await self.__do_execute(
..\..\AppData\Local\Programs\Python\Python311\Lib\site-packages\asyncpg\prepared_stmt.py:256: in __do_execute
    return await executor(protocol)
           ^^^^^^^^^^^^^^^^^^^^^^^^
asyncpg\\protocol\\protocol.pyx:206: in bind_execute
    ???
E   asyncpg.exceptions.ForeignKeyViolationError: insert or update on table "goals" violates foreign key constraint "goals_user_id_fkey"
E   DETAIL:  Key (user_id)=(eecfa9fc-c9a1-4401-b43d-dfd393eb8026) is not present in table "users".

The above exception was the direct cause of the following exception:
..\..\AppData\Local\Programs\Python\Python311\Lib\site-packages\sqlalchemy\engine\base.py:1967: in _exec_single_context
    self.dialect.do_execute(
..\..\AppData\Local\Programs\Python\Python311\Lib\site-packages\sqlalchemy\engine\default.py:941: in do_execute
    cursor.execute(statement, parameters)
..\..\AppData\Local\Programs\Python\Python311\Lib\site-packages\sqlalchemy\dialects\postgresql\asyncpg.py:568: in execute
    self._adapt_connection.await_(
..\..\AppData\Local\Programs\Python\Python311\Lib\site-packages\sqlalchemy\util\_concurrency_py3k.py:132: in await_only
    return current.parent.switch(awaitable)  # type: ignore[no-any-return,attr-defined] # noqa: E501
           ^^^^^^^^^^^^^^^^^^^^^^^^^^^^^^^^
..\..\AppData\Local\Programs\Python\Python311\Lib\site-packages\sqlalchemy\util\_concurrency_py3k.py:196: in greenlet_spawn
    value = await result
            ^^^^^^^^^^^^
..\..\AppData\Local\Programs\Python\Python311\Lib\site-packages\sqlalchemy\dialects\postgresql\asyncpg.py:546: in _prepare_and_execute
    self._handle_exception(error)
..\..\AppData\Local\Programs\Python\Python311\Lib\site-packages\sqlalchemy\dialects\postgresql\asyncpg.py:497: in _handle_exception
    self._adapt_connection._handle_exception(error)
..\..\AppData\Local\Programs\Python\Python311\Lib\site-packages\sqlalchemy\dialects\postgresql\asyncpg.py:780: in _handle_exception
    raise translated_error from error
E   sqlalchemy.dialects.postgresql.asyncpg.AsyncAdapt_asyncpg_dbapi.IntegrityError: <class 'asyncpg.exceptions.ForeignKeyViolationError'>: insert or update on table "goals" violates foreign key constraint "goals_user_id_fkey"
E   DETAIL:  Key (user_id)=(eecfa9fc-c9a1-4401-b43d-dfd393eb8026) is not present in table "users".

The above exception was the direct cause of the following exception:
tests\test_sprint7_notification_engine.py:33: in test_evaluate_rescue_candidate_no_tasks
    await test_db.flush()
..\..\AppData\Local\Programs\Python\Python311\Lib\site-packages\sqlalchemy\ext\asyncio\session.py:800: in flush
    await greenlet_spawn(self.sync_session.flush, objects=objects)
..\..\AppData\Local\Programs\Python\Python311\Lib\site-packages\sqlalchemy\util\_concurrency_py3k.py:203: in greenlet_spawn
    result = context.switch(value)
             ^^^^^^^^^^^^^^^^^^^^^
..\..\AppData\Local\Programs\Python\Python311\Lib\site-packages\sqlalchemy\orm\session.py:4352: in flush
    self._flush(objects)
..\..\AppData\Local\Programs\Python\Python311\Lib\site-packages\sqlalchemy\orm\session.py:4487: in _flush
    with util.safe_reraise():
..\..\AppData\Local\Programs\Python\Python311\Lib\site-packages\sqlalchemy\util\langhelpers.py:146: in __exit__
    raise exc_value.with_traceback(exc_tb)
..\..\AppData\Local\Programs\Python\Python311\Lib\site-packages\sqlalchemy\orm\session.py:4448: in _flush
    flush_context.execute()
..\..\AppData\Local\Programs\Python\Python311\Lib\site-packages\sqlalchemy\orm\unitofwork.py:466: in execute
    rec.execute(self)
..\..\AppData\Local\Programs\Python\Python311\Lib\site-packages\sqlalchemy\orm\unitofwork.py:642: in execute
    util.preloaded.orm_persistence.save_obj(
..\..\AppData\Local\Programs\Python\Python311\Lib\site-packages\sqlalchemy\orm\persistence.py:93: in save_obj
    _emit_insert_statements(
..\..\AppData\Local\Programs\Python\Python311\Lib\site-packages\sqlalchemy\orm\persistence.py:1233: in _emit_insert_statements
    result = connection.execute(
..\..\AppData\Local\Programs\Python\Python311\Lib\site-packages\sqlalchemy\engine\base.py:1418: in execute
    return meth(
..\..\AppData\Local\Programs\Python\Python311\Lib\site-packages\sqlalchemy\sql\elements.py:515: in _execute_on_connection
    return connection._execute_clauseelement(
..\..\AppData\Local\Programs\Python\Python311\Lib\site-packages\sqlalchemy\engine\base.py:1640: in _execute_clauseelement
    ret = self._execute_context(
..\..\AppData\Local\Programs\Python\Python311\Lib\site-packages\sqlalchemy\engine\base.py:1846: in _execute_context
    return self._exec_single_context(
..\..\AppData\Local\Programs\Python\Python311\Lib\site-packages\sqlalchemy\engine\base.py:1986: in _exec_single_context
    self._handle_dbapi_exception(
..\..\AppData\Local\Programs\Python\Python311\Lib\site-packages\sqlalchemy\engine\base.py:2355: in _handle_dbapi_exception
    raise sqlalchemy_exception.with_traceback(exc_info[2]) from e
..\..\AppData\Local\Programs\Python\Python311\Lib\site-packages\sqlalchemy\engine\base.py:1967: in _exec_single_context
    self.dialect.do_execute(
..\..\AppData\Local\Programs\Python\Python311\Lib\site-packages\sqlalchemy\engine\default.py:941: in do_execute
    cursor.execute(statement, parameters)
..\..\AppData\Local\Programs\Python\Python311\Lib\site-packages\sqlalchemy\dialects\postgresql\asyncpg.py:568: in execute
    self._adapt_connection.await_(
..\..\AppData\Local\Programs\Python\Python311\Lib\site-packages\sqlalchemy\util\_concurrency_py3k.py:132: in await_only
    return current.parent.switch(awaitable)  # type: ignore[no-any-return,attr-defined] # noqa: E501
           ^^^^^^^^^^^^^^^^^^^^^^^^^^^^^^^^
..\..\AppData\Local\Programs\Python\Python311\Lib\site-packages\sqlalchemy\util\_concurrency_py3k.py:196: in greenlet_spawn
    value = await result
            ^^^^^^^^^^^^
..\..\AppData\Local\Programs\Python\Python311\Lib\site-packages\sqlalchemy\dialects\postgresql\asyncpg.py:546: in _prepare_and_execute
    self._handle_exception(error)
..\..\AppData\Local\Programs\Python\Python311\Lib\site-packages\sqlalchemy\dialects\postgresql\asyncpg.py:497: in _handle_exception
    self._adapt_connection._handle_exception(error)
..\..\AppData\Local\Programs\Python\Python311\Lib\site-packages\sqlalchemy\dialects\postgresql\asyncpg.py:780: in _handle_exception
    raise translated_error from error
E   sqlalchemy.exc.IntegrityError: (sqlalchemy.dialects.postgresql.asyncpg.IntegrityError) <class 'asyncpg.exceptions.ForeignKeyViolationError'>: insert or update on table "goals" violates foreign key constraint "goals_user_id_fkey"
E   DETAIL:  Key (user_id)=(eecfa9fc-c9a1-4401-b43d-dfd393eb8026) is not present in table "users".
E   [SQL: INSERT INTO goals (id, user_id, title, goal_type, description, target_date, motivation, consequence, success_metric, status, priority_rank, pre_pause_rank, metadata, deleted_at) VALUES ($1::UUID, $2::UUID, $3::VARCHAR, $4::VARCHAR, $5::VARCHAR, $6::DATE, $7::VARCHAR, $8::VARCHAR, $9::VARCHAR, $10::VARCHAR, $11::INTEGER, $12::INTEGER, $13::JSONB, $14::TIMESTAMP WITH TIME ZONE) RETURNING goals.created_at]
E   [parameters: (UUID('a19c384a-735a-46cd-9fcc-ca2876756bfe'), UUID('eecfa9fc-c9a1-4401-b43d-dfd393eb8026'), 'Empty Goal', 'habit', None, datetime.date(2026, 5, 1), 'Test', 'Test', 'Test', 'active', 1, None, '{}', None)]
E   (Background on this error at: https://sqlalche.me/e/20/gkpj)
__________________ test_evaluate_rescue_candidate_thresholds __________________
..\..\AppData\Local\Programs\Python\Python311\Lib\site-packages\sqlalchemy\dialects\postgresql\asyncpg.py:534: in _prepare_and_execute
    self._rows = deque(await prepared_stmt.fetch(*parameters))
                       ^^^^^^^^^^^^^^^^^^^^^^^^^^^^^^^^^^^^^^
..\..\AppData\Local\Programs\Python\Python311\Lib\site-packages\asyncpg\prepared_stmt.py:176: in fetch
    data = await self.__bind_execute(args, 0, timeout)
           ^^^^^^^^^^^^^^^^^^^^^^^^^^^^^^^^^^^^^^^^^^^
..\..\AppData\Local\Programs\Python\Python311\Lib\site-packages\asyncpg\prepared_stmt.py:267: in __bind_execute
    data, status, _ = await self.__do_execute(
..\..\AppData\Local\Programs\Python\Python311\Lib\site-packages\asyncpg\prepared_stmt.py:256: in __do_execute
    return await executor(protocol)
           ^^^^^^^^^^^^^^^^^^^^^^^^
asyncpg\\protocol\\protocol.pyx:206: in bind_execute
    ???
E   asyncpg.exceptions.ForeignKeyViolationError: insert or update on table "goals" violates foreign key constraint "goals_user_id_fkey"
E   DETAIL:  Key (user_id)=(073d58d1-492d-4500-8920-e7b223e5101a) is not present in table "users".

The above exception was the direct cause of the following exception:
..\..\AppData\Local\Programs\Python\Python311\Lib\site-packages\sqlalchemy\engine\base.py:1967: in _exec_single_context
    self.dialect.do_execute(
..\..\AppData\Local\Programs\Python\Python311\Lib\site-packages\sqlalchemy\engine\default.py:941: in do_execute
    cursor.execute(statement, parameters)
..\..\AppData\Local\Programs\Python\Python311\Lib\site-packages\sqlalchemy\dialects\postgresql\asyncpg.py:568: in execute
    self._adapt_connection.await_(
..\..\AppData\Local\Programs\Python\Python311\Lib\site-packages\sqlalchemy\util\_concurrency_py3k.py:132: in await_only
    return current.parent.switch(awaitable)  # type: ignore[no-any-return,attr-defined] # noqa: E501
           ^^^^^^^^^^^^^^^^^^^^^^^^^^^^^^^^
..\..\AppData\Local\Programs\Python\Python311\Lib\site-packages\sqlalchemy\util\_concurrency_py3k.py:196: in greenlet_spawn
    value = await result
            ^^^^^^^^^^^^
..\..\AppData\Local\Programs\Python\Python311\Lib\site-packages\sqlalchemy\dialects\postgresql\asyncpg.py:546: in _prepare_and_execute
    self._handle_exception(error)
..\..\AppData\Local\Programs\Python\Python311\Lib\site-packages\sqlalchemy\dialects\postgresql\asyncpg.py:497: in _handle_exception
    self._adapt_connection._handle_exception(error)
..\..\AppData\Local\Programs\Python\Python311\Lib\site-packages\sqlalchemy\dialects\postgresql\asyncpg.py:780: in _handle_exception
    raise translated_error from error
E   sqlalchemy.dialects.postgresql.asyncpg.AsyncAdapt_asyncpg_dbapi.IntegrityError: <class 'asyncpg.exceptions.ForeignKeyViolationError'>: insert or update on table "goals" violates foreign key constraint "goals_user_id_fkey"
E   DETAIL:  Key (user_id)=(073d58d1-492d-4500-8920-e7b223e5101a) is not present in table "users".

The above exception was the direct cause of the following exception:
tests\test_sprint7_notification_engine.py:51: in test_evaluate_rescue_candidate_thresholds
    await test_db.flush()
..\..\AppData\Local\Programs\Python\Python311\Lib\site-packages\sqlalchemy\ext\asyncio\session.py:800: in flush
    await greenlet_spawn(self.sync_session.flush, objects=objects)
..\..\AppData\Local\Programs\Python\Python311\Lib\site-packages\sqlalchemy\util\_concurrency_py3k.py:203: in greenlet_spawn
    result = context.switch(value)
             ^^^^^^^^^^^^^^^^^^^^^
..\..\AppData\Local\Programs\Python\Python311\Lib\site-packages\sqlalchemy\orm\session.py:4352: in flush
    self._flush(objects)
..\..\AppData\Local\Programs\Python\Python311\Lib\site-packages\sqlalchemy\orm\session.py:4487: in _flush
    with util.safe_reraise():
..\..\AppData\Local\Programs\Python\Python311\Lib\site-packages\sqlalchemy\util\langhelpers.py:146: in __exit__
    raise exc_value.with_traceback(exc_tb)
..\..\AppData\Local\Programs\Python\Python311\Lib\site-packages\sqlalchemy\orm\session.py:4448: in _flush
    flush_context.execute()
..\..\AppData\Local\Programs\Python\Python311\Lib\site-packages\sqlalchemy\orm\unitofwork.py:466: in execute
    rec.execute(self)
..\..\AppData\Local\Programs\Python\Python311\Lib\site-packages\sqlalchemy\orm\unitofwork.py:642: in execute
    util.preloaded.orm_persistence.save_obj(
..\..\AppData\Local\Programs\Python\Python311\Lib\site-packages\sqlalchemy\orm\persistence.py:93: in save_obj
    _emit_insert_statements(
..\..\AppData\Local\Programs\Python\Python311\Lib\site-packages\sqlalchemy\orm\persistence.py:1233: in _emit_insert_statements
    result = connection.execute(
..\..\AppData\Local\Programs\Python\Python311\Lib\site-packages\sqlalchemy\engine\base.py:1418: in execute
    return meth(
..\..\AppData\Local\Programs\Python\Python311\Lib\site-packages\sqlalchemy\sql\elements.py:515: in _execute_on_connection
    return connection._execute_clauseelement(
..\..\AppData\Local\Programs\Python\Python311\Lib\site-packages\sqlalchemy\engine\base.py:1640: in _execute_clauseelement
    ret = self._execute_context(
..\..\AppData\Local\Programs\Python\Python311\Lib\site-packages\sqlalchemy\engine\base.py:1846: in _execute_context
    return self._exec_single_context(
..\..\AppData\Local\Programs\Python\Python311\Lib\site-packages\sqlalchemy\engine\base.py:1986: in _exec_single_context
    self._handle_dbapi_exception(
..\..\AppData\Local\Programs\Python\Python311\Lib\site-packages\sqlalchemy\engine\base.py:2355: in _handle_dbapi_exception
    raise sqlalchemy_exception.with_traceback(exc_info[2]) from e
..\..\AppData\Local\Programs\Python\Python311\Lib\site-packages\sqlalchemy\engine\base.py:1967: in _exec_single_context
    self.dialect.do_execute(
..\..\AppData\Local\Programs\Python\Python311\Lib\site-packages\sqlalchemy\engine\default.py:941: in do_execute
    cursor.execute(statement, parameters)
..\..\AppData\Local\Programs\Python\Python311\Lib\site-packages\sqlalchemy\dialects\postgresql\asyncpg.py:568: in execute
    self._adapt_connection.await_(
..\..\AppData\Local\Programs\Python\Python311\Lib\site-packages\sqlalchemy\util\_concurrency_py3k.py:132: in await_only
    return current.parent.switch(awaitable)  # type: ignore[no-any-return,attr-defined] # noqa: E501
           ^^^^^^^^^^^^^^^^^^^^^^^^^^^^^^^^
..\..\AppData\Local\Programs\Python\Python311\Lib\site-packages\sqlalchemy\util\_concurrency_py3k.py:196: in greenlet_spawn
    value = await result
            ^^^^^^^^^^^^
..\..\AppData\Local\Programs\Python\Python311\Lib\site-packages\sqlalchemy\dialects\postgresql\asyncpg.py:546: in _prepare_and_execute
    self._handle_exception(error)
..\..\AppData\Local\Programs\Python\Python311\Lib\site-packages\sqlalchemy\dialects\postgresql\asyncpg.py:497: in _handle_exception
    self._adapt_connection._handle_exception(error)
..\..\AppData\Local\Programs\Python\Python311\Lib\site-packages\sqlalchemy\dialects\postgresql\asyncpg.py:780: in _handle_exception
    raise translated_error from error
E   sqlalchemy.exc.IntegrityError: (sqlalchemy.dialects.postgresql.asyncpg.IntegrityError) <class 'asyncpg.exceptions.ForeignKeyViolationError'>: insert or update on table "goals" violates foreign key constraint "goals_user_id_fkey"
E   DETAIL:  Key (user_id)=(073d58d1-492d-4500-8920-e7b223e5101a) is not present in table "users".
E   [SQL: INSERT INTO goals (id, user_id, title, goal_type, description, target_date, motivation, consequence, success_metric, status, priority_rank, pre_pause_rank, metadata, deleted_at) VALUES ($1::UUID, $2::UUID, $3::VARCHAR, $4::VARCHAR, $5::VARCHAR, $6::DATE, $7::VARCHAR, $8::VARCHAR, $9::VARCHAR, $10::VARCHAR, $11::INTEGER, $12::INTEGER, $13::JSONB, $14::TIMESTAMP WITH TIME ZONE) RETURNING goals.created_at]
E   [parameters: (UUID('1dd0452c-d990-40ef-9ff4-a70ceeea3894'), UUID('073d58d1-492d-4500-8920-e7b223e5101a'), 'Active Goal', 'habit', None, datetime.date(2026, 5, 1), 'Test', 'Test', 'Test', 'active', 1, None, '{}', None)]
E   (Background on this error at: https://sqlalche.me/e/20/gkpj)
_______________________ test_create_rescue_notification _______________________
..\..\AppData\Local\Programs\Python\Python311\Lib\site-packages\sqlalchemy\dialects\postgresql\asyncpg.py:534: in _prepare_and_execute
    self._rows = deque(await prepared_stmt.fetch(*parameters))
                       ^^^^^^^^^^^^^^^^^^^^^^^^^^^^^^^^^^^^^^
..\..\AppData\Local\Programs\Python\Python311\Lib\site-packages\asyncpg\prepared_stmt.py:176: in fetch
    data = await self.__bind_execute(args, 0, timeout)
           ^^^^^^^^^^^^^^^^^^^^^^^^^^^^^^^^^^^^^^^^^^^
..\..\AppData\Local\Programs\Python\Python311\Lib\site-packages\asyncpg\prepared_stmt.py:267: in __bind_execute
    data, status, _ = await self.__do_execute(
..\..\AppData\Local\Programs\Python\Python311\Lib\site-packages\asyncpg\prepared_stmt.py:256: in __do_execute
    return await executor(protocol)
           ^^^^^^^^^^^^^^^^^^^^^^^^
asyncpg\\protocol\\protocol.pyx:206: in bind_execute
    ???
E   asyncpg.exceptions.ForeignKeyViolationError: insert or update on table "goals" violates foreign key constraint "goals_user_id_fkey"
E   DETAIL:  Key (user_id)=(0666dfa7-0c58-4265-b6f5-23024a8380bb) is not present in table "users".

The above exception was the direct cause of the following exception:
..\..\AppData\Local\Programs\Python\Python311\Lib\site-packages\sqlalchemy\engine\base.py:1967: in _exec_single_context
    self.dialect.do_execute(
..\..\AppData\Local\Programs\Python\Python311\Lib\site-packages\sqlalchemy\engine\default.py:941: in do_execute
    cursor.execute(statement, parameters)
..\..\AppData\Local\Programs\Python\Python311\Lib\site-packages\sqlalchemy\dialects\postgresql\asyncpg.py:568: in execute
    self._adapt_connection.await_(
..\..\AppData\Local\Programs\Python\Python311\Lib\site-packages\sqlalchemy\util\_concurrency_py3k.py:132: in await_only
    return current.parent.switch(awaitable)  # type: ignore[no-any-return,attr-defined] # noqa: E501
           ^^^^^^^^^^^^^^^^^^^^^^^^^^^^^^^^
..\..\AppData\Local\Programs\Python\Python311\Lib\site-packages\sqlalchemy\util\_concurrency_py3k.py:196: in greenlet_spawn
    value = await result
            ^^^^^^^^^^^^
..\..\AppData\Local\Programs\Python\Python311\Lib\site-packages\sqlalchemy\dialects\postgresql\asyncpg.py:546: in _prepare_and_execute
    self._handle_exception(error)
..\..\AppData\Local\Programs\Python\Python311\Lib\site-packages\sqlalchemy\dialects\postgresql\asyncpg.py:497: in _handle_exception
    self._adapt_connection._handle_exception(error)
..\..\AppData\Local\Programs\Python\Python311\Lib\site-packages\sqlalchemy\dialects\postgresql\asyncpg.py:780: in _handle_exception
    raise translated_error from error
E   sqlalchemy.dialects.postgresql.asyncpg.AsyncAdapt_asyncpg_dbapi.IntegrityError: <class 'asyncpg.exceptions.ForeignKeyViolationError'>: insert or update on table "goals" violates foreign key constraint "goals_user_id_fkey"
E   DETAIL:  Key (user_id)=(0666dfa7-0c58-4265-b6f5-23024a8380bb) is not present in table "users".

The above exception was the direct cause of the following exception:
tests\test_sprint7_notification_engine.py:98: in test_create_rescue_notification
    await test_db.flush()
..\..\AppData\Local\Programs\Python\Python311\Lib\site-packages\sqlalchemy\ext\asyncio\session.py:800: in flush
    await greenlet_spawn(self.sync_session.flush, objects=objects)
..\..\AppData\Local\Programs\Python\Python311\Lib\site-packages\sqlalchemy\util\_concurrency_py3k.py:203: in greenlet_spawn
    result = context.switch(value)
             ^^^^^^^^^^^^^^^^^^^^^
..\..\AppData\Local\Programs\Python\Python311\Lib\site-packages\sqlalchemy\orm\session.py:4352: in flush
    self._flush(objects)
..\..\AppData\Local\Programs\Python\Python311\Lib\site-packages\sqlalchemy\orm\session.py:4487: in _flush
    with util.safe_reraise():
..\..\AppData\Local\Programs\Python\Python311\Lib\site-packages\sqlalchemy\util\langhelpers.py:146: in __exit__
    raise exc_value.with_traceback(exc_tb)
..\..\AppData\Local\Programs\Python\Python311\Lib\site-packages\sqlalchemy\orm\session.py:4448: in _flush
    flush_context.execute()
..\..\AppData\Local\Programs\Python\Python311\Lib\site-packages\sqlalchemy\orm\unitofwork.py:466: in execute
    rec.execute(self)
..\..\AppData\Local\Programs\Python\Python311\Lib\site-packages\sqlalchemy\orm\unitofwork.py:642: in execute
    util.preloaded.orm_persistence.save_obj(
..\..\AppData\Local\Programs\Python\Python311\Lib\site-packages\sqlalchemy\orm\persistence.py:93: in save_obj
    _emit_insert_statements(
..\..\AppData\Local\Programs\Python\Python311\Lib\site-packages\sqlalchemy\orm\persistence.py:1233: in _emit_insert_statements
    result = connection.execute(
..\..\AppData\Local\Programs\Python\Python311\Lib\site-packages\sqlalchemy\engine\base.py:1418: in execute
    return meth(
..\..\AppData\Local\Programs\Python\Python311\Lib\site-packages\sqlalchemy\sql\elements.py:515: in _execute_on_connection
    return connection._execute_clauseelement(
..\..\AppData\Local\Programs\Python\Python311\Lib\site-packages\sqlalchemy\engine\base.py:1640: in _execute_clauseelement
    ret = self._execute_context(
..\..\AppData\Local\Programs\Python\Python311\Lib\site-packages\sqlalchemy\engine\base.py:1846: in _execute_context
    return self._exec_single_context(
..\..\AppData\Local\Programs\Python\Python311\Lib\site-packages\sqlalchemy\engine\base.py:1986: in _exec_single_context
    self._handle_dbapi_exception(
..\..\AppData\Local\Programs\Python\Python311\Lib\site-packages\sqlalchemy\engine\base.py:2355: in _handle_dbapi_exception
    raise sqlalchemy_exception.with_traceback(exc_info[2]) from e
..\..\AppData\Local\Programs\Python\Python311\Lib\site-packages\sqlalchemy\engine\base.py:1967: in _exec_single_context
    self.dialect.do_execute(
..\..\AppData\Local\Programs\Python\Python311\Lib\site-packages\sqlalchemy\engine\default.py:941: in do_execute
    cursor.execute(statement, parameters)
..\..\AppData\Local\Programs\Python\Python311\Lib\site-packages\sqlalchemy\dialects\postgresql\asyncpg.py:568: in execute
    self._adapt_connection.await_(
..\..\AppData\Local\Programs\Python\Python311\Lib\site-packages\sqlalchemy\util\_concurrency_py3k.py:132: in await_only
    return current.parent.switch(awaitable)  # type: ignore[no-any-return,attr-defined] # noqa: E501
           ^^^^^^^^^^^^^^^^^^^^^^^^^^^^^^^^
..\..\AppData\Local\Programs\Python\Python311\Lib\site-packages\sqlalchemy\util\_concurrency_py3k.py:196: in greenlet_spawn
    value = await result
            ^^^^^^^^^^^^
..\..\AppData\Local\Programs\Python\Python311\Lib\site-packages\sqlalchemy\dialects\postgresql\asyncpg.py:546: in _prepare_and_execute
    self._handle_exception(error)
..\..\AppData\Local\Programs\Python\Python311\Lib\site-packages\sqlalchemy\dialects\postgresql\asyncpg.py:497: in _handle_exception
    self._adapt_connection._handle_exception(error)
..\..\AppData\Local\Programs\Python\Python311\Lib\site-packages\sqlalchemy\dialects\postgresql\asyncpg.py:780: in _handle_exception
    raise translated_error from error
E   sqlalchemy.exc.IntegrityError: (sqlalchemy.dialects.postgresql.asyncpg.IntegrityError) <class 'asyncpg.exceptions.ForeignKeyViolationError'>: insert or update on table "goals" violates foreign key constraint "goals_user_id_fkey"
E   DETAIL:  Key (user_id)=(0666dfa7-0c58-4265-b6f5-23024a8380bb) is not present in table "users".
E   [SQL: INSERT INTO goals (id, user_id, title, goal_type, description, target_date, motivation, consequence, success_metric, status, priority_rank, pre_pause_rank, metadata, deleted_at) VALUES ($1::UUID, $2::UUID, $3::VARCHAR, $4::VARCHAR, $5::VARCHAR, $6::DATE, $7::VARCHAR, $8::VARCHAR, $9::VARCHAR, $10::VARCHAR, $11::INTEGER, $12::INTEGER, $13::JSONB, $14::TIMESTAMP WITH TIME ZONE) RETURNING goals.created_at]
E   [parameters: (UUID('63b75015-1246-4f8e-8730-dbb8d6f6f407'), UUID('0666dfa7-0c58-4265-b6f5-23024a8380bb'), 'Falling Behind Goal', 'habit', None, datetime.date(2026, 5, 1), 'Test', 'Test', 'Test', 'active', 1, None, '{}', None)]
E   (Background on this error at: https://sqlalche.me/e/20/gkpj)
_________________________ test_get_heatmap_generation _________________________
tests\test_sprint7_heatmap_cache.py:23: in test_get_heatmap_generation
    DailyLog(
<string>:4: in __init__
    ???
..\..\AppData\Local\Programs\Python\Python311\Lib\site-packages\sqlalchemy\orm\state.py:571: in _initialize_instance
    with util.safe_reraise():
..\..\AppData\Local\Programs\Python\Python311\Lib\site-packages\sqlalchemy\util\langhelpers.py:146: in __exit__
    raise exc_value.with_traceback(exc_tb)
..\..\AppData\Local\Programs\Python\Python311\Lib\site-packages\sqlalchemy\orm\state.py:569: in _initialize_instance
    manager.original_init(*mixed[1:], **kwargs)
..\..\AppData\Local\Programs\Python\Python311\Lib\site-packages\sqlalchemy\orm\decl_base.py:2177: in _declarative_constructor
    raise TypeError(
E   TypeError: 'checkin_status' is an invalid keyword argument for DailyLog
============================== warnings summary ===============================
tests/test_sprint7_recurring_tasks.py::test_validate_max_per_day
  tests\test_sprint7_recurring_tasks.py:27: PytestWarning: The test <Function test_validate_max_per_day> is marked with '@pytest.mark.asyncio' but it is not an async function. Please remove the asyncio mark. If the test is not marked explicitly, check for global marks applied via 'pytestmark'.
    def test_validate_max_per_day():

-- Docs: https://docs.pytest.org/en/stable/how-to/capture-warnings.html
=========================== short test summary info ===========================
FAILED tests/test_sprint7_recurring_tasks.py::test_create_and_update_recurring_rule
FAILED tests/test_sprint7_recurring_tasks.py::test_get_active_rules - sqlalch...
FAILED tests/test_sprint7_recurring_tasks.py::test_get_recurring_requirements
FAILED tests/test_sprint7_recurring_tasks.py::test_api_create_recurring_rule
FAILED tests/test_sprint7_notification_engine.py::test_evaluate_rescue_candidate_no_tasks
FAILED tests/test_sprint7_notification_engine.py::test_evaluate_rescue_candidate_thresholds
FAILED tests/test_sprint7_notification_engine.py::test_create_rescue_notification
FAILED tests/test_sprint7_heatmap_cache.py::test_get_heatmap_generation - Typ...
8 failed, 8 passed, 1 warning in 10.73s
